<?xml version="1.0" encoding="ISO-8859-1" ?>
<link_info>
   <banner>TI ARM Clang Linker Unix v4.0.3.LTS</banner>
   <copyright>Copyright (c) 1996-2018 Texas Instruments Incorporated</copyright>
   <command_line>/Applications/ti/ccs2020/ccs/tools/compiler/ti-cgt-armllvm_4.0.3.LTS/bin/tiarmlnk -I/Applications/ti/ccs2020/ccs/tools/compiler/ti-cgt-armllvm_4.0.3.LTS/lib -o mspm0-modules.out -mmspm0-modules.map -i/Applications/ti/mspm0_sdk_2_05_00_05/source -i/Users/zhouyiduo/workspace_ccstheia/mspm0-modules -i/Users/zhouyiduo/workspace_ccstheia/mspm0-modules/Debug/syscfg -i/Applications/ti/ccs2020/ccs/tools/compiler/ti-cgt-armllvm_4.0.3.LTS/lib --diag_wrap=off --display_error_number --warn_sections --xml_link_info=mspm0-modules_linkInfo.xml --rom_model ./PTZ_controller.o ./main.o ./motor.o ./ti_msp_dl_config.o ./startup_mspm0g350x_ticlang.o ./uart_handler.o ./4_4_KEY/HW_key.o ./Drivers/LSM6DSV16X/lsm6dsv16x.o ./Drivers/LSM6DSV16X/lsm6dsv16x_reg.o ./Drivers/MSPM0/clock.o ./Drivers/MSPM0/interrupt.o ./Drivers/OLED_Hardware_I2C/oled_hardware_i2c.o -l./device_linker.cmd -ldevice.cmd.genlibs -llibc.a -l/Applications/ti/mspm0_sdk_2_05_00_05/source/ti/driverlib/lib/ticlang/m0p/mspm0g1x0x_g3x0x/driverlib.a --start-group -llibc++.a -llibc++abi.a -llibc.a -llibsys.a -llibsysbm.a -llibclang_rt.builtins.a -llibclang_rt.profile.a --end-group --cg_opt_level=0</command_line>
   <link_time>0x688dfe2c</link_time>
   <link_errors>0x0</link_errors>
   <output_file>/Users/zhouyiduo/workspace_ccstheia/mspm0-modules/Debug/mspm0-modules.out</output_file>
   <entry_point>
      <name>_c_int00_noargs</name>
      <address>0x82c5</address>
   </entry_point>
   <input_file_list>
      <input_file id="fl-1">
         <path>/Users/zhouyiduo/workspace_ccstheia/mspm0-modules/Debug/./</path>
         <kind>object</kind>
         <file>PTZ_controller.o</file>
         <name>PTZ_controller.o</name>
      </input_file>
      <input_file id="fl-2">
         <path>/Users/zhouyiduo/workspace_ccstheia/mspm0-modules/Debug/./</path>
         <kind>object</kind>
         <file>main.o</file>
         <name>main.o</name>
      </input_file>
      <input_file id="fl-3">
         <path>/Users/zhouyiduo/workspace_ccstheia/mspm0-modules/Debug/./</path>
         <kind>object</kind>
         <file>motor.o</file>
         <name>motor.o</name>
      </input_file>
      <input_file id="fl-4">
         <path>/Users/zhouyiduo/workspace_ccstheia/mspm0-modules/Debug/./</path>
         <kind>object</kind>
         <file>ti_msp_dl_config.o</file>
         <name>ti_msp_dl_config.o</name>
      </input_file>
      <input_file id="fl-5">
         <path>/Users/zhouyiduo/workspace_ccstheia/mspm0-modules/Debug/./</path>
         <kind>object</kind>
         <file>startup_mspm0g350x_ticlang.o</file>
         <name>startup_mspm0g350x_ticlang.o</name>
      </input_file>
      <input_file id="fl-6">
         <path>/Users/zhouyiduo/workspace_ccstheia/mspm0-modules/Debug/./</path>
         <kind>object</kind>
         <file>uart_handler.o</file>
         <name>uart_handler.o</name>
      </input_file>
      <input_file id="fl-7">
         <path>/Users/zhouyiduo/workspace_ccstheia/mspm0-modules/Debug/./4_4_KEY/</path>
         <kind>object</kind>
         <file>HW_key.o</file>
         <name>HW_key.o</name>
      </input_file>
      <input_file id="fl-8">
         <path>/Users/zhouyiduo/workspace_ccstheia/mspm0-modules/Debug/./Drivers/LSM6DSV16X/</path>
         <kind>object</kind>
         <file>lsm6dsv16x.o</file>
         <name>lsm6dsv16x.o</name>
      </input_file>
      <input_file id="fl-9">
         <path>/Users/zhouyiduo/workspace_ccstheia/mspm0-modules/Debug/./Drivers/LSM6DSV16X/</path>
         <kind>object</kind>
         <file>lsm6dsv16x_reg.o</file>
         <name>lsm6dsv16x_reg.o</name>
      </input_file>
      <input_file id="fl-a">
         <path>/Users/zhouyiduo/workspace_ccstheia/mspm0-modules/Debug/./Drivers/MSPM0/</path>
         <kind>object</kind>
         <file>clock.o</file>
         <name>clock.o</name>
      </input_file>
      <input_file id="fl-b">
         <path>/Users/zhouyiduo/workspace_ccstheia/mspm0-modules/Debug/./Drivers/MSPM0/</path>
         <kind>object</kind>
         <file>interrupt.o</file>
         <name>interrupt.o</name>
      </input_file>
      <input_file id="fl-c">
         <path>/Users/zhouyiduo/workspace_ccstheia/mspm0-modules/Debug/./Drivers/OLED_Hardware_I2C/</path>
         <kind>object</kind>
         <file>oled_hardware_i2c.o</file>
         <name>oled_hardware_i2c.o</name>
      </input_file>
      <input_file id="fl-1a">
         <path>/Users/zhouyiduo/workspace_ccstheia/mspm0-modules/Debug/</path>
         <kind>object</kind>
         <file>&lt;internal&gt;</file>
         <name>&lt;internal&gt;</name>
      </input_file>
      <input_file id="fl-1b">
         <path>/Applications/ti/mspm0_sdk_2_05_00_05/source/ti/driverlib/lib/ticlang/m0p/mspm0g1x0x_g3x0x/</path>
         <kind>archive</kind>
         <file>driverlib.a</file>
         <name>dl_common.o</name>
      </input_file>
      <input_file id="fl-1c">
         <path>/Applications/ti/mspm0_sdk_2_05_00_05/source/ti/driverlib/lib/ticlang/m0p/mspm0g1x0x_g3x0x/</path>
         <kind>archive</kind>
         <file>driverlib.a</file>
         <name>dl_dma.o</name>
      </input_file>
      <input_file id="fl-1d">
         <path>/Applications/ti/mspm0_sdk_2_05_00_05/source/ti/driverlib/lib/ticlang/m0p/mspm0g1x0x_g3x0x/</path>
         <kind>archive</kind>
         <file>driverlib.a</file>
         <name>dl_i2c.o</name>
      </input_file>
      <input_file id="fl-1e">
         <path>/Applications/ti/mspm0_sdk_2_05_00_05/source/ti/driverlib/lib/ticlang/m0p/mspm0g1x0x_g3x0x/</path>
         <kind>archive</kind>
         <file>driverlib.a</file>
         <name>dl_timer.o</name>
      </input_file>
      <input_file id="fl-1f">
         <path>/Applications/ti/mspm0_sdk_2_05_00_05/source/ti/driverlib/lib/ticlang/m0p/mspm0g1x0x_g3x0x/</path>
         <kind>archive</kind>
         <file>driverlib.a</file>
         <name>dl_uart.o</name>
      </input_file>
      <input_file id="fl-20">
         <path>/Applications/ti/mspm0_sdk_2_05_00_05/source/ti/driverlib/lib/ticlang/m0p/mspm0g1x0x_g3x0x/</path>
         <kind>archive</kind>
         <file>driverlib.a</file>
         <name>dl_sysctl_mspm0g1x0x_g3x0x.o</name>
      </input_file>
      <input_file id="fl-37">
         <path>/Applications/ti/ccs2020/ccs/tools/compiler/ti-cgt-armllvm_4.0.3.LTS/lib/armv6m-ti-none-eabi/c/</path>
         <kind>archive</kind>
         <file>libc.a</file>
         <name>sprintf.c.obj</name>
      </input_file>
      <input_file id="fl-38">
         <path>/Applications/ti/ccs2020/ccs/tools/compiler/ti-cgt-armllvm_4.0.3.LTS/lib/armv6m-ti-none-eabi/c/</path>
         <kind>archive</kind>
         <file>libc.a</file>
         <name>e_pow.c.obj</name>
      </input_file>
      <input_file id="fl-39">
         <path>/Applications/ti/ccs2020/ccs/tools/compiler/ti-cgt-armllvm_4.0.3.LTS/lib/armv6m-ti-none-eabi/c/</path>
         <kind>archive</kind>
         <file>libc.a</file>
         <name>e_sqrt.c.obj</name>
      </input_file>
      <input_file id="fl-3a">
         <path>/Applications/ti/ccs2020/ccs/tools/compiler/ti-cgt-armllvm_4.0.3.LTS/lib/armv6m-ti-none-eabi/c/</path>
         <kind>archive</kind>
         <file>libc.a</file>
         <name>s_scalbn.c.obj</name>
      </input_file>
      <input_file id="fl-3b">
         <path>/Applications/ti/ccs2020/ccs/tools/compiler/ti-cgt-armllvm_4.0.3.LTS/lib/armv6m-ti-none-eabi/c/</path>
         <kind>archive</kind>
         <file>libc.a</file>
         <name>e_asinf.c.obj</name>
      </input_file>
      <input_file id="fl-3c">
         <path>/Applications/ti/ccs2020/ccs/tools/compiler/ti-cgt-armllvm_4.0.3.LTS/lib/armv6m-ti-none-eabi/c/</path>
         <kind>archive</kind>
         <file>libc.a</file>
         <name>e_atan2f.c.obj</name>
      </input_file>
      <input_file id="fl-3d">
         <path>/Applications/ti/ccs2020/ccs/tools/compiler/ti-cgt-armllvm_4.0.3.LTS/lib/armv6m-ti-none-eabi/c/</path>
         <kind>archive</kind>
         <file>libc.a</file>
         <name>e_sqrtf.c.obj</name>
      </input_file>
      <input_file id="fl-3e">
         <path>/Applications/ti/ccs2020/ccs/tools/compiler/ti-cgt-armllvm_4.0.3.LTS/lib/armv6m-ti-none-eabi/c/</path>
         <kind>archive</kind>
         <file>libc.a</file>
         <name>s_atanf.c.obj</name>
      </input_file>
      <input_file id="fl-3f">
         <path>/Applications/ti/ccs2020/ccs/tools/compiler/ti-cgt-armllvm_4.0.3.LTS/lib/armv6m-ti-none-eabi/c/</path>
         <kind>archive</kind>
         <file>libc.a</file>
         <name>s_sinf.c.obj</name>
      </input_file>
      <input_file id="fl-40">
         <path>/Applications/ti/ccs2020/ccs/tools/compiler/ti-cgt-armllvm_4.0.3.LTS/lib/armv6m-ti-none-eabi/c/</path>
         <kind>archive</kind>
         <file>libc.a</file>
         <name>ti_fmax.c.obj</name>
      </input_file>
      <input_file id="fl-41">
         <path>/Applications/ti/ccs2020/ccs/tools/compiler/ti-cgt-armllvm_4.0.3.LTS/lib/armv6m-ti-none-eabi/c/</path>
         <kind>archive</kind>
         <file>libc.a</file>
         <name>aeabi_portable.c.obj</name>
      </input_file>
      <input_file id="fl-42">
         <path>/Applications/ti/ccs2020/ccs/tools/compiler/ti-cgt-armllvm_4.0.3.LTS/lib/armv6m-ti-none-eabi/c/</path>
         <kind>archive</kind>
         <file>libc.a</file>
         <name>assert.c.obj</name>
      </input_file>
      <input_file id="fl-43">
         <path>/Applications/ti/ccs2020/ccs/tools/compiler/ti-cgt-armllvm_4.0.3.LTS/lib/armv6m-ti-none-eabi/c/</path>
         <kind>archive</kind>
         <file>libc.a</file>
         <name>defs.c.obj</name>
      </input_file>
      <input_file id="fl-44">
         <path>/Applications/ti/ccs2020/ccs/tools/compiler/ti-cgt-armllvm_4.0.3.LTS/lib/armv6m-ti-none-eabi/c/</path>
         <kind>archive</kind>
         <file>libc.a</file>
         <name>isdigit.c.obj</name>
      </input_file>
      <input_file id="fl-45">
         <path>/Applications/ti/ccs2020/ccs/tools/compiler/ti-cgt-armllvm_4.0.3.LTS/lib/armv6m-ti-none-eabi/c/</path>
         <kind>archive</kind>
         <file>libc.a</file>
         <name>memory.c.obj</name>
      </input_file>
      <input_file id="fl-46">
         <path>/Applications/ti/ccs2020/ccs/tools/compiler/ti-cgt-armllvm_4.0.3.LTS/lib/armv6m-ti-none-eabi/c/</path>
         <kind>archive</kind>
         <file>libc.a</file>
         <name>strlen.c.obj</name>
      </input_file>
      <input_file id="fl-47">
         <path>/Applications/ti/ccs2020/ccs/tools/compiler/ti-cgt-armllvm_4.0.3.LTS/lib/armv6m-ti-none-eabi/c/</path>
         <kind>archive</kind>
         <file>libc.a</file>
         <name>k_rem_pio2.c.obj</name>
      </input_file>
      <input_file id="fl-48">
         <path>/Applications/ti/ccs2020/ccs/tools/compiler/ti-cgt-armllvm_4.0.3.LTS/lib/armv6m-ti-none-eabi/c/</path>
         <kind>archive</kind>
         <file>libc.a</file>
         <name>boot_cortex_m.c.obj</name>
      </input_file>
      <input_file id="fl-49">
         <path>/Applications/ti/ccs2020/ccs/tools/compiler/ti-cgt-armllvm_4.0.3.LTS/lib/armv6m-ti-none-eabi/c/</path>
         <kind>archive</kind>
         <file>libc.a</file>
         <name>mathacl_init.c.obj</name>
      </input_file>
      <input_file id="fl-4a">
         <path>/Applications/ti/ccs2020/ccs/tools/compiler/ti-cgt-armllvm_4.0.3.LTS/lib/armv6m-ti-none-eabi/c/</path>
         <kind>archive</kind>
         <file>libc.a</file>
         <name>autoinit.c.obj</name>
      </input_file>
      <input_file id="fl-4b">
         <path>/Applications/ti/ccs2020/ccs/tools/compiler/ti-cgt-armllvm_4.0.3.LTS/lib/armv6m-ti-none-eabi/c/</path>
         <kind>archive</kind>
         <file>libc.a</file>
         <name>pre_init.c.obj</name>
      </input_file>
      <input_file id="fl-4c">
         <path>/Applications/ti/ccs2020/ccs/tools/compiler/ti-cgt-armllvm_4.0.3.LTS/lib/armv6m-ti-none-eabi/c/</path>
         <kind>archive</kind>
         <file>libc.a</file>
         <name>cpy_tbl.c.obj</name>
      </input_file>
      <input_file id="fl-4d">
         <path>/Applications/ti/ccs2020/ccs/tools/compiler/ti-cgt-armllvm_4.0.3.LTS/lib/armv6m-ti-none-eabi/c/</path>
         <kind>archive</kind>
         <file>libc.a</file>
         <name>copy_zero_init.c.obj</name>
      </input_file>
      <input_file id="fl-4e">
         <path>/Applications/ti/ccs2020/ccs/tools/compiler/ti-cgt-armllvm_4.0.3.LTS/lib/armv6m-ti-none-eabi/c/</path>
         <kind>archive</kind>
         <file>libc.a</file>
         <name>copy_decompress_none.c.obj</name>
      </input_file>
      <input_file id="fl-4f">
         <path>/Applications/ti/ccs2020/ccs/tools/compiler/ti-cgt-armllvm_4.0.3.LTS/lib/armv6m-ti-none-eabi/c/</path>
         <kind>archive</kind>
         <file>libc.a</file>
         <name>copy_decompress_lzss.c.obj</name>
      </input_file>
      <input_file id="fl-50">
         <path>/Applications/ti/ccs2020/ccs/tools/compiler/ti-cgt-armllvm_4.0.3.LTS/lib/armv6m-ti-none-eabi/c/</path>
         <kind>archive</kind>
         <file>libc.a</file>
         <name>_printfi.c.obj</name>
      </input_file>
      <input_file id="fl-51">
         <path>/Applications/ti/ccs2020/ccs/tools/compiler/ti-cgt-armllvm_4.0.3.LTS/lib/armv6m-ti-none-eabi/c/</path>
         <kind>archive</kind>
         <file>libc.a</file>
         <name>fflush.c.obj</name>
      </input_file>
      <input_file id="fl-52">
         <path>/Applications/ti/ccs2020/ccs/tools/compiler/ti-cgt-armllvm_4.0.3.LTS/lib/armv6m-ti-none-eabi/c/</path>
         <kind>archive</kind>
         <file>libc.a</file>
         <name>fputs.c.obj</name>
      </input_file>
      <input_file id="fl-53">
         <path>/Applications/ti/ccs2020/ccs/tools/compiler/ti-cgt-armllvm_4.0.3.LTS/lib/armv6m-ti-none-eabi/c/</path>
         <kind>archive</kind>
         <file>libc.a</file>
         <name>_io_perm.c.obj</name>
      </input_file>
      <input_file id="fl-54">
         <path>/Applications/ti/ccs2020/ccs/tools/compiler/ti-cgt-armllvm_4.0.3.LTS/lib/armv6m-ti-none-eabi/c/</path>
         <kind>archive</kind>
         <file>libc.a</file>
         <name>setvbuf.c.obj</name>
      </input_file>
      <input_file id="fl-55">
         <path>/Applications/ti/ccs2020/ccs/tools/compiler/ti-cgt-armllvm_4.0.3.LTS/lib/armv6m-ti-none-eabi/c/</path>
         <kind>archive</kind>
         <file>libc.a</file>
         <name>s_floor.c.obj</name>
      </input_file>
      <input_file id="fl-56">
         <path>/Applications/ti/ccs2020/ccs/tools/compiler/ti-cgt-armllvm_4.0.3.LTS/lib/armv6m-ti-none-eabi/c/</path>
         <kind>archive</kind>
         <file>libc.a</file>
         <name>s_frexp.c.obj</name>
      </input_file>
      <input_file id="fl-57">
         <path>/Applications/ti/ccs2020/ccs/tools/compiler/ti-cgt-armllvm_4.0.3.LTS/lib/armv6m-ti-none-eabi/c/</path>
         <kind>archive</kind>
         <file>libc.a</file>
         <name>wcslen.c.obj</name>
      </input_file>
      <input_file id="fl-58">
         <path>/Applications/ti/ccs2020/ccs/tools/compiler/ti-cgt-armllvm_4.0.3.LTS/lib/armv6m-ti-none-eabi/c/</path>
         <kind>archive</kind>
         <file>libc.a</file>
         <name>exit.c.obj</name>
      </input_file>
      <input_file id="fl-59">
         <path>/Applications/ti/ccs2020/ccs/tools/compiler/ti-cgt-armllvm_4.0.3.LTS/lib/armv6m-ti-none-eabi/c/</path>
         <kind>archive</kind>
         <file>libc.a</file>
         <name>_lock.c.obj</name>
      </input_file>
      <input_file id="fl-5a">
         <path>/Applications/ti/ccs2020/ccs/tools/compiler/ti-cgt-armllvm_4.0.3.LTS/lib/armv6m-ti-none-eabi/c/</path>
         <kind>archive</kind>
         <file>libc.a</file>
         <name>_ltoa.c.obj</name>
      </input_file>
      <input_file id="fl-5b">
         <path>/Applications/ti/ccs2020/ccs/tools/compiler/ti-cgt-armllvm_4.0.3.LTS/lib/armv6m-ti-none-eabi/c/</path>
         <kind>archive</kind>
         <file>libc.a</file>
         <name>args_main.c.obj</name>
      </input_file>
      <input_file id="fl-5c">
         <path>/Applications/ti/ccs2020/ccs/tools/compiler/ti-cgt-armllvm_4.0.3.LTS/lib/armv6m-ti-none-eabi/c/</path>
         <kind>archive</kind>
         <file>libc.a</file>
         <name>atoi.c.obj</name>
      </input_file>
      <input_file id="fl-5d">
         <path>/Applications/ti/ccs2020/ccs/tools/compiler/ti-cgt-armllvm_4.0.3.LTS/lib/armv6m-ti-none-eabi/c/</path>
         <kind>archive</kind>
         <file>libc.a</file>
         <name>memccpy.c.obj</name>
      </input_file>
      <input_file id="fl-5e">
         <path>/Applications/ti/ccs2020/ccs/tools/compiler/ti-cgt-armllvm_4.0.3.LTS/lib/armv6m-ti-none-eabi/c/</path>
         <kind>archive</kind>
         <file>libc.a</file>
         <name>fopen.c.obj</name>
      </input_file>
      <input_file id="fl-5f">
         <path>/Applications/ti/ccs2020/ccs/tools/compiler/ti-cgt-armllvm_4.0.3.LTS/lib/armv6m-ti-none-eabi/c/</path>
         <kind>archive</kind>
         <file>libc.a</file>
         <name>fseek.c.obj</name>
      </input_file>
      <input_file id="fl-60">
         <path>/Applications/ti/ccs2020/ccs/tools/compiler/ti-cgt-armllvm_4.0.3.LTS/lib/armv6m-ti-none-eabi/c/</path>
         <kind>archive</kind>
         <file>libc.a</file>
         <name>aeabi_ctype.S.obj</name>
      </input_file>
      <input_file id="fl-61">
         <path>/Applications/ti/ccs2020/ccs/tools/compiler/ti-cgt-armllvm_4.0.3.LTS/lib/armv6m-ti-none-eabi/c/</path>
         <kind>archive</kind>
         <file>libc.a</file>
         <name>fclose.c.obj</name>
      </input_file>
      <input_file id="fl-101">
         <path>/Applications/ti/ccs2020/ccs/tools/compiler/ti-cgt-armllvm_4.0.3.LTS/lib/armv6m-ti-none-eabi/c/</path>
         <kind>archive</kind>
         <file>libsysbm.a</file>
         <name>hostexit.c.obj</name>
      </input_file>
      <input_file id="fl-102">
         <path>/Applications/ti/ccs2020/ccs/tools/compiler/ti-cgt-armllvm_4.0.3.LTS/lib/armv6m-ti-none-eabi/c/</path>
         <kind>archive</kind>
         <file>libsysbm.a</file>
         <name>write.c.obj</name>
      </input_file>
      <input_file id="fl-103">
         <path>/Applications/ti/ccs2020/ccs/tools/compiler/ti-cgt-armllvm_4.0.3.LTS/lib/armv6m-ti-none-eabi/c/</path>
         <kind>archive</kind>
         <file>libsysbm.a</file>
         <name>host_device.c.obj</name>
      </input_file>
      <input_file id="fl-104">
         <path>/Applications/ti/ccs2020/ccs/tools/compiler/ti-cgt-armllvm_4.0.3.LTS/lib/armv6m-ti-none-eabi/c/</path>
         <kind>archive</kind>
         <file>libsysbm.a</file>
         <name>remove.c.obj</name>
      </input_file>
      <input_file id="fl-105">
         <path>/Applications/ti/ccs2020/ccs/tools/compiler/ti-cgt-armllvm_4.0.3.LTS/lib/armv6m-ti-none-eabi/c/</path>
         <kind>archive</kind>
         <file>libsysbm.a</file>
         <name>open.c.obj</name>
      </input_file>
      <input_file id="fl-106">
         <path>/Applications/ti/ccs2020/ccs/tools/compiler/ti-cgt-armllvm_4.0.3.LTS/lib/armv6m-ti-none-eabi/c/</path>
         <kind>archive</kind>
         <file>libsysbm.a</file>
         <name>lseek.c.obj</name>
      </input_file>
      <input_file id="fl-107">
         <path>/Applications/ti/ccs2020/ccs/tools/compiler/ti-cgt-armllvm_4.0.3.LTS/lib/armv6m-ti-none-eabi/c/</path>
         <kind>archive</kind>
         <file>libsysbm.a</file>
         <name>close.c.obj</name>
      </input_file>
      <input_file id="fl-108">
         <path>/Applications/ti/ccs2020/ccs/tools/compiler/ti-cgt-armllvm_4.0.3.LTS/lib/armv6m-ti-none-eabi/c/</path>
         <kind>archive</kind>
         <file>libsysbm.a</file>
         <name>unlink.c.obj</name>
      </input_file>
      <input_file id="fl-109">
         <path>/Applications/ti/ccs2020/ccs/tools/compiler/ti-cgt-armllvm_4.0.3.LTS/lib/armv6m-ti-none-eabi/c/</path>
         <kind>archive</kind>
         <file>libsysbm.a</file>
         <name>hostclose.c.obj</name>
      </input_file>
      <input_file id="fl-10a">
         <path>/Applications/ti/ccs2020/ccs/tools/compiler/ti-cgt-armllvm_4.0.3.LTS/lib/armv6m-ti-none-eabi/c/</path>
         <kind>archive</kind>
         <file>libsysbm.a</file>
         <name>hostlseek.c.obj</name>
      </input_file>
      <input_file id="fl-10b">
         <path>/Applications/ti/ccs2020/ccs/tools/compiler/ti-cgt-armllvm_4.0.3.LTS/lib/armv6m-ti-none-eabi/c/</path>
         <kind>archive</kind>
         <file>libsysbm.a</file>
         <name>hostopen.c.obj</name>
      </input_file>
      <input_file id="fl-10c">
         <path>/Applications/ti/ccs2020/ccs/tools/compiler/ti-cgt-armllvm_4.0.3.LTS/lib/armv6m-ti-none-eabi/c/</path>
         <kind>archive</kind>
         <file>libsysbm.a</file>
         <name>hostread.c.obj</name>
      </input_file>
      <input_file id="fl-10d">
         <path>/Applications/ti/ccs2020/ccs/tools/compiler/ti-cgt-armllvm_4.0.3.LTS/lib/armv6m-ti-none-eabi/c/</path>
         <kind>archive</kind>
         <file>libsysbm.a</file>
         <name>hostrename.c.obj</name>
      </input_file>
      <input_file id="fl-10e">
         <path>/Applications/ti/ccs2020/ccs/tools/compiler/ti-cgt-armllvm_4.0.3.LTS/lib/armv6m-ti-none-eabi/c/</path>
         <kind>archive</kind>
         <file>libsysbm.a</file>
         <name>hostunlink.c.obj</name>
      </input_file>
      <input_file id="fl-10f">
         <path>/Applications/ti/ccs2020/ccs/tools/compiler/ti-cgt-armllvm_4.0.3.LTS/lib/armv6m-ti-none-eabi/c/</path>
         <kind>archive</kind>
         <file>libsysbm.a</file>
         <name>hostwrite.c.obj</name>
      </input_file>
      <input_file id="fl-110">
         <path>/Applications/ti/ccs2020/ccs/tools/compiler/ti-cgt-armllvm_4.0.3.LTS/lib/armv6m-ti-none-eabi/c/</path>
         <kind>archive</kind>
         <file>libsysbm.a</file>
         <name>trgmsg.c.obj</name>
      </input_file>
      <input_file id="fl-111">
         <path>/Applications/ti/ccs2020/ccs/tools/compiler/ti-cgt-armllvm_4.0.3.LTS/lib/armv6m-ti-none-eabi/</path>
         <kind>archive</kind>
         <file>libclang_rt.builtins.a</file>
         <name>addsf3.S.obj</name>
      </input_file>
      <input_file id="fl-112">
         <path>/Applications/ti/ccs2020/ccs/tools/compiler/ti-cgt-armllvm_4.0.3.LTS/lib/armv6m-ti-none-eabi/</path>
         <kind>archive</kind>
         <file>libclang_rt.builtins.a</file>
         <name>adddf3.S.obj</name>
      </input_file>
      <input_file id="fl-113">
         <path>/Applications/ti/ccs2020/ccs/tools/compiler/ti-cgt-armllvm_4.0.3.LTS/lib/armv6m-ti-none-eabi/</path>
         <kind>archive</kind>
         <file>libclang_rt.builtins.a</file>
         <name>muldf3.S.obj</name>
      </input_file>
      <input_file id="fl-114">
         <path>/Applications/ti/ccs2020/ccs/tools/compiler/ti-cgt-armllvm_4.0.3.LTS/lib/armv6m-ti-none-eabi/</path>
         <kind>archive</kind>
         <file>libclang_rt.builtins.a</file>
         <name>muldsi3.S.obj</name>
      </input_file>
      <input_file id="fl-115">
         <path>/Applications/ti/ccs2020/ccs/tools/compiler/ti-cgt-armllvm_4.0.3.LTS/lib/armv6m-ti-none-eabi/</path>
         <kind>archive</kind>
         <file>libclang_rt.builtins.a</file>
         <name>mulsf3.S.obj</name>
      </input_file>
      <input_file id="fl-116">
         <path>/Applications/ti/ccs2020/ccs/tools/compiler/ti-cgt-armllvm_4.0.3.LTS/lib/armv6m-ti-none-eabi/</path>
         <kind>archive</kind>
         <file>libclang_rt.builtins.a</file>
         <name>divsf3.S.obj</name>
      </input_file>
      <input_file id="fl-117">
         <path>/Applications/ti/ccs2020/ccs/tools/compiler/ti-cgt-armllvm_4.0.3.LTS/lib/armv6m-ti-none-eabi/</path>
         <kind>archive</kind>
         <file>libclang_rt.builtins.a</file>
         <name>divdf3.S.obj</name>
      </input_file>
      <input_file id="fl-118">
         <path>/Applications/ti/ccs2020/ccs/tools/compiler/ti-cgt-armllvm_4.0.3.LTS/lib/armv6m-ti-none-eabi/</path>
         <kind>archive</kind>
         <file>libclang_rt.builtins.a</file>
         <name>extendsfdf2.S.obj</name>
      </input_file>
      <input_file id="fl-119">
         <path>/Applications/ti/ccs2020/ccs/tools/compiler/ti-cgt-armllvm_4.0.3.LTS/lib/armv6m-ti-none-eabi/</path>
         <kind>archive</kind>
         <file>libclang_rt.builtins.a</file>
         <name>fixdfsi.S.obj</name>
      </input_file>
      <input_file id="fl-11a">
         <path>/Applications/ti/ccs2020/ccs/tools/compiler/ti-cgt-armllvm_4.0.3.LTS/lib/armv6m-ti-none-eabi/</path>
         <kind>archive</kind>
         <file>libclang_rt.builtins.a</file>
         <name>fixsfsi.S.obj</name>
      </input_file>
      <input_file id="fl-11b">
         <path>/Applications/ti/ccs2020/ccs/tools/compiler/ti-cgt-armllvm_4.0.3.LTS/lib/armv6m-ti-none-eabi/</path>
         <kind>archive</kind>
         <file>libclang_rt.builtins.a</file>
         <name>fixunssfsi.S.obj</name>
      </input_file>
      <input_file id="fl-11c">
         <path>/Applications/ti/ccs2020/ccs/tools/compiler/ti-cgt-armllvm_4.0.3.LTS/lib/armv6m-ti-none-eabi/</path>
         <kind>archive</kind>
         <file>libclang_rt.builtins.a</file>
         <name>floatsidf.S.obj</name>
      </input_file>
      <input_file id="fl-11d">
         <path>/Applications/ti/ccs2020/ccs/tools/compiler/ti-cgt-armllvm_4.0.3.LTS/lib/armv6m-ti-none-eabi/</path>
         <kind>archive</kind>
         <file>libclang_rt.builtins.a</file>
         <name>floatsisf.S.obj</name>
      </input_file>
      <input_file id="fl-11e">
         <path>/Applications/ti/ccs2020/ccs/tools/compiler/ti-cgt-armllvm_4.0.3.LTS/lib/armv6m-ti-none-eabi/</path>
         <kind>archive</kind>
         <file>libclang_rt.builtins.a</file>
         <name>floatunsidf.S.obj</name>
      </input_file>
      <input_file id="fl-11f">
         <path>/Applications/ti/ccs2020/ccs/tools/compiler/ti-cgt-armllvm_4.0.3.LTS/lib/armv6m-ti-none-eabi/</path>
         <kind>archive</kind>
         <file>libclang_rt.builtins.a</file>
         <name>floatunsisf.S.obj</name>
      </input_file>
      <input_file id="fl-120">
         <path>/Applications/ti/ccs2020/ccs/tools/compiler/ti-cgt-armllvm_4.0.3.LTS/lib/armv6m-ti-none-eabi/</path>
         <kind>archive</kind>
         <file>libclang_rt.builtins.a</file>
         <name>muldi3.S.obj</name>
      </input_file>
      <input_file id="fl-121">
         <path>/Applications/ti/ccs2020/ccs/tools/compiler/ti-cgt-armllvm_4.0.3.LTS/lib/armv6m-ti-none-eabi/</path>
         <kind>archive</kind>
         <file>libclang_rt.builtins.a</file>
         <name>truncdfsf2.S.obj</name>
      </input_file>
      <input_file id="fl-122">
         <path>/Applications/ti/ccs2020/ccs/tools/compiler/ti-cgt-armllvm_4.0.3.LTS/lib/armv6m-ti-none-eabi/</path>
         <kind>archive</kind>
         <file>libclang_rt.builtins.a</file>
         <name>aeabi_dcmp.S.obj</name>
      </input_file>
      <input_file id="fl-123">
         <path>/Applications/ti/ccs2020/ccs/tools/compiler/ti-cgt-armllvm_4.0.3.LTS/lib/armv6m-ti-none-eabi/</path>
         <kind>archive</kind>
         <file>libclang_rt.builtins.a</file>
         <name>aeabi_fcmp.S.obj</name>
      </input_file>
      <input_file id="fl-124">
         <path>/Applications/ti/ccs2020/ccs/tools/compiler/ti-cgt-armllvm_4.0.3.LTS/lib/armv6m-ti-none-eabi/</path>
         <kind>archive</kind>
         <file>libclang_rt.builtins.a</file>
         <name>aeabi_idivmod.S.obj</name>
      </input_file>
      <input_file id="fl-125">
         <path>/Applications/ti/ccs2020/ccs/tools/compiler/ti-cgt-armllvm_4.0.3.LTS/lib/armv6m-ti-none-eabi/</path>
         <kind>archive</kind>
         <file>libclang_rt.builtins.a</file>
         <name>aeabi_memcpy.S.obj</name>
      </input_file>
      <input_file id="fl-126">
         <path>/Applications/ti/ccs2020/ccs/tools/compiler/ti-cgt-armllvm_4.0.3.LTS/lib/armv6m-ti-none-eabi/</path>
         <kind>archive</kind>
         <file>libclang_rt.builtins.a</file>
         <name>aeabi_memset.S.obj</name>
      </input_file>
      <input_file id="fl-127">
         <path>/Applications/ti/ccs2020/ccs/tools/compiler/ti-cgt-armllvm_4.0.3.LTS/lib/armv6m-ti-none-eabi/</path>
         <kind>archive</kind>
         <file>libclang_rt.builtins.a</file>
         <name>aeabi_uidivmod.S.obj</name>
      </input_file>
      <input_file id="fl-128">
         <path>/Applications/ti/ccs2020/ccs/tools/compiler/ti-cgt-armllvm_4.0.3.LTS/lib/armv6m-ti-none-eabi/</path>
         <kind>archive</kind>
         <file>libclang_rt.builtins.a</file>
         <name>aeabi_uldivmod.S.obj</name>
      </input_file>
      <input_file id="fl-129">
         <path>/Applications/ti/ccs2020/ccs/tools/compiler/ti-cgt-armllvm_4.0.3.LTS/lib/armv6m-ti-none-eabi/</path>
         <kind>archive</kind>
         <file>libclang_rt.builtins.a</file>
         <name>comparesf2.S.obj</name>
      </input_file>
      <input_file id="fl-12a">
         <path>/Applications/ti/ccs2020/ccs/tools/compiler/ti-cgt-armllvm_4.0.3.LTS/lib/armv6m-ti-none-eabi/</path>
         <kind>archive</kind>
         <file>libclang_rt.builtins.a</file>
         <name>udivmoddi4.S.obj</name>
      </input_file>
      <input_file id="fl-12b">
         <path>/Applications/ti/ccs2020/ccs/tools/compiler/ti-cgt-armllvm_4.0.3.LTS/lib/armv6m-ti-none-eabi/</path>
         <kind>archive</kind>
         <file>libclang_rt.builtins.a</file>
         <name>ashldi3.S.obj</name>
      </input_file>
      <input_file id="fl-12c">
         <path>/Applications/ti/ccs2020/ccs/tools/compiler/ti-cgt-armllvm_4.0.3.LTS/lib/armv6m-ti-none-eabi/</path>
         <kind>archive</kind>
         <file>libclang_rt.builtins.a</file>
         <name>comparedf2.c.obj</name>
      </input_file>
      <input_file id="fl-12d">
         <path>/Applications/ti/ccs2020/ccs/tools/compiler/ti-cgt-armllvm_4.0.3.LTS/lib/armv6m-ti-none-eabi/</path>
         <kind>archive</kind>
         <file>libclang_rt.builtins.a</file>
         <name>aeabi_div0.c.obj</name>
      </input_file>
      <input_file id="fl-12e">
         <path>/Applications/ti/ccs2020/ccs/tools/compiler/ti-cgt-armllvm_4.0.3.LTS/lib/armv6m-ti-none-eabi/c/</path>
         <kind>archive</kind>
         <file>libc.a</file>
         <name>getdevice.c.obj</name>
      </input_file>
      <input_file id="fl-12f">
         <path>/Applications/ti/ccs2020/ccs/tools/compiler/ti-cgt-armllvm_4.0.3.LTS/lib/armv6m-ti-none-eabi/c/</path>
         <kind>archive</kind>
         <file>libc.a</file>
         <name>memcpy16.S.obj</name>
      </input_file>
      <input_file id="fl-130">
         <path>/Applications/ti/ccs2020/ccs/tools/compiler/ti-cgt-armllvm_4.0.3.LTS/lib/armv6m-ti-none-eabi/c/</path>
         <kind>archive</kind>
         <file>libc.a</file>
         <name>memset16.S.obj</name>
      </input_file>
      <input_file id="fl-131">
         <path>/Applications/ti/ccs2020/ccs/tools/compiler/ti-cgt-armllvm_4.0.3.LTS/lib/armv6m-ti-none-eabi/c/</path>
         <kind>archive</kind>
         <file>libc.a</file>
         <name>strcmp-armv6m.S.obj</name>
      </input_file>
   </input_file_list>
   <object_component_list>
      <object_component id="oc-18">
         <name>.intvecs</name>
         <load_address>0x0</load_address>
         <readonly>true</readonly>
         <run_address>0x0</run_address>
         <size>0xc0</size>
         <alignment>0x4</alignment>
         <input_file_ref idref="fl-5"/>
      </object_component>
      <object_component id="oc-1a7">
         <name>.text.pow</name>
         <load_address>0xc0</load_address>
         <readonly>true</readonly>
         <executable>true</executable>
         <run_address>0xc0</run_address>
         <size>0xa48</size>
         <alignment>0x4</alignment>
         <input_file_ref idref="fl-38"/>
      </object_component>
      <object_component id="oc-1b5">
         <name>.text:__TI_printfi</name>
         <load_address>0xb08</load_address>
         <readonly>true</readonly>
         <executable>true</executable>
         <run_address>0xb08</run_address>
         <size>0x9d0</size>
         <alignment>0x4</alignment>
         <input_file_ref idref="fl-50"/>
      </object_component>
      <object_component id="oc-204">
         <name>.text.go_on_line</name>
         <load_address>0x14d8</load_address>
         <readonly>true</readonly>
         <executable>true</executable>
         <run_address>0x14d8</run_address>
         <size>0x334</size>
         <alignment>0x4</alignment>
         <input_file_ref idref="fl-3"/>
      </object_component>
      <object_component id="oc-f3">
         <name>.text.lsm6dsv16x_fifo_out_raw_get</name>
         <load_address>0x180c</load_address>
         <readonly>true</readonly>
         <executable>true</executable>
         <run_address>0x180c</run_address>
         <size>0x29c</size>
         <alignment>0x4</alignment>
         <input_file_ref idref="fl-9"/>
      </object_component>
      <object_component id="oc-1e9">
         <name>.text.lsm6dsv16x_pin_int2_route_set</name>
         <load_address>0x1aa8</load_address>
         <readonly>true</readonly>
         <executable>true</executable>
         <run_address>0x1aa8</run_address>
         <size>0x23c</size>
         <alignment>0x2</alignment>
         <input_file_ref idref="fl-9"/>
      </object_component>
      <object_component id="oc-203">
         <name>.text.InputFloat</name>
         <load_address>0x1ce4</load_address>
         <readonly>true</readonly>
         <executable>true</executable>
         <run_address>0x1ce4</run_address>
         <size>0x234</size>
         <alignment>0x4</alignment>
         <input_file_ref idref="fl-2"/>
      </object_component>
      <object_component id="oc-28e">
         <name>.text._pconv_a</name>
         <load_address>0x1f18</load_address>
         <readonly>true</readonly>
         <executable>true</executable>
         <run_address>0x1f18</run_address>
         <size>0x220</size>
         <alignment>0x4</alignment>
         <input_file_ref idref="fl-50"/>
      </object_component>
      <object_component id="oc-28f">
         <name>.text._pconv_g</name>
         <load_address>0x2138</load_address>
         <readonly>true</readonly>
         <executable>true</executable>
         <run_address>0x2138</run_address>
         <size>0x1dc</size>
         <alignment>0x4</alignment>
         <input_file_ref idref="fl-50"/>
      </object_component>
      <object_component id="oc-1c0">
         <name>.text.SYSCFG_DL_GPIO_init</name>
         <load_address>0x2314</load_address>
         <readonly>true</readonly>
         <executable>true</executable>
         <run_address>0x2314</run_address>
         <size>0x1d8</size>
         <alignment>0x4</alignment>
         <input_file_ref idref="fl-4"/>
      </object_component>
      <object_component id="oc-246">
         <name>.text.atanf</name>
         <load_address>0x24ec</load_address>
         <readonly>true</readonly>
         <executable>true</executable>
         <run_address>0x24ec</run_address>
         <size>0x1c8</size>
         <alignment>0x4</alignment>
         <input_file_ref idref="fl-3e"/>
      </object_component>
      <object_component id="oc-f5">
         <name>.text.quat_to_euler</name>
         <load_address>0x26b4</load_address>
         <readonly>true</readonly>
         <executable>true</executable>
         <run_address>0x26b4</run_address>
         <size>0x1b8</size>
         <alignment>0x4</alignment>
         <input_file_ref idref="fl-8"/>
      </object_component>
      <object_component id="oc-161">
         <name>.text.Perform4</name>
         <load_address>0x286c</load_address>
         <readonly>true</readonly>
         <executable>true</executable>
         <run_address>0x286c</run_address>
         <size>0x1b0</size>
         <alignment>0x4</alignment>
         <input_file_ref idref="fl-2"/>
      </object_component>
      <object_component id="oc-94">
         <name>.text.adddf3_subdf3</name>
         <load_address>0x2a1c</load_address>
         <readonly>true</readonly>
         <executable>true</executable>
         <run_address>0x2a1c</run_address>
         <size>0x192</size>
         <alignment>0x4</alignment>
         <input_file_ref idref="fl-112"/>
      </object_component>
      <object_component id="oc-348">
         <name>.text.__aeabi_idiv0</name>
         <load_address>0x2bae</load_address>
         <readonly>true</readonly>
         <executable>true</executable>
         <run_address>0x2bae</run_address>
         <size>0x2</size>
         <alignment>0x2</alignment>
         <input_file_ref idref="fl-12d"/>
      </object_component>
      <object_component id="oc-250">
         <name>.text.sqrt</name>
         <load_address>0x2bb0</load_address>
         <readonly>true</readonly>
         <executable>true</executable>
         <run_address>0x2bb0</run_address>
         <size>0x170</size>
         <alignment>0x4</alignment>
         <input_file_ref idref="fl-39"/>
      </object_component>
      <object_component id="oc-195">
         <name>.text.asinf</name>
         <load_address>0x2d20</load_address>
         <readonly>true</readonly>
         <executable>true</executable>
         <run_address>0x2d20</run_address>
         <size>0x160</size>
         <alignment>0x4</alignment>
         <input_file_ref idref="fl-3b"/>
      </object_component>
      <object_component id="oc-31c">
         <name>.text.turn_pid</name>
         <load_address>0x2e80</load_address>
         <readonly>true</readonly>
         <executable>true</executable>
         <run_address>0x2e80</run_address>
         <size>0x158</size>
         <alignment>0x4</alignment>
         <input_file_ref idref="fl-3"/>
      </object_component>
      <object_component id="oc-70">
         <name>.text.Read_LSM6DSV16X</name>
         <load_address>0x2fd8</load_address>
         <readonly>true</readonly>
         <executable>true</executable>
         <run_address>0x2fd8</run_address>
         <size>0x14c</size>
         <alignment>0x4</alignment>
         <input_file_ref idref="fl-8"/>
      </object_component>
      <object_component id="oc-117">
         <name>.text.convert_to_float</name>
         <load_address>0x3124</load_address>
         <readonly>true</readonly>
         <executable>true</executable>
         <run_address>0x3124</run_address>
         <size>0x140</size>
         <alignment>0x4</alignment>
         <input_file_ref idref="fl-6"/>
      </object_component>
      <object_component id="oc-37a">
         <name>.text.fcvt</name>
         <load_address>0x3264</load_address>
         <readonly>true</readonly>
         <executable>true</executable>
         <run_address>0x3264</run_address>
         <size>0x13c</size>
         <alignment>0x4</alignment>
         <input_file_ref idref="fl-50"/>
      </object_component>
      <object_component id="oc-46">
         <name>.text.TIMG6_IRQHandler</name>
         <load_address>0x33a0</load_address>
         <readonly>true</readonly>
         <executable>true</executable>
         <run_address>0x33a0</run_address>
         <size>0x138</size>
         <alignment>0x4</alignment>
         <input_file_ref idref="fl-3"/>
      </object_component>
      <object_component id="oc-159">
         <name>.text.KEY_SCAN</name>
         <load_address>0x34d8</load_address>
         <readonly>true</readonly>
         <executable>true</executable>
         <run_address>0x34d8</run_address>
         <size>0x134</size>
         <alignment>0x4</alignment>
         <input_file_ref idref="fl-7"/>
      </object_component>
      <object_component id="oc-16b">
         <name>.text.adj_perf4_pid</name>
         <load_address>0x360c</load_address>
         <readonly>true</readonly>
         <executable>true</executable>
         <run_address>0x360c</run_address>
         <size>0x134</size>
         <alignment>0x4</alignment>
         <input_file_ref idref="fl-2"/>
      </object_component>
      <object_component id="oc-3a8">
         <name>.text.calculate_pid</name>
         <load_address>0x3740</load_address>
         <readonly>true</readonly>
         <executable>true</executable>
         <run_address>0x3740</run_address>
         <size>0x132</size>
         <alignment>0x2</alignment>
         <input_file_ref idref="fl-3"/>
      </object_component>
      <object_component id="oc-3b5">
         <name>.text.__aeabi_ldiv0</name>
         <load_address>0x3872</load_address>
         <readonly>true</readonly>
         <executable>true</executable>
         <run_address>0x3872</run_address>
         <size>0x2</size>
         <alignment>0x2</alignment>
         <input_file_ref idref="fl-12d"/>
      </object_component>
      <object_component id="oc-1ec">
         <name>.text.platform_read</name>
         <load_address>0x3874</load_address>
         <readonly>true</readonly>
         <executable>true</executable>
         <run_address>0x3874</run_address>
         <size>0x130</size>
         <alignment>0x4</alignment>
         <input_file_ref idref="fl-8"/>
      </object_component>
      <object_component id="oc-155">
         <name>.text.motors_init</name>
         <load_address>0x39a4</load_address>
         <readonly>true</readonly>
         <executable>true</executable>
         <run_address>0x39a4</run_address>
         <size>0x12c</size>
         <alignment>0x4</alignment>
         <input_file_ref idref="fl-3"/>
      </object_component>
      <object_component id="oc-291">
         <name>.text._pconv_e</name>
         <load_address>0x3ad0</load_address>
         <readonly>true</readonly>
         <executable>true</executable>
         <run_address>0x3ad0</run_address>
         <size>0x120</size>
         <alignment>0x4</alignment>
         <input_file_ref idref="fl-50"/>
      </object_component>
      <object_component id="oc-2c9">
         <name>.text.DL_Timer_initCaptureMode</name>
         <load_address>0x3bf0</load_address>
         <readonly>true</readonly>
         <executable>true</executable>
         <run_address>0x3bf0</run_address>
         <size>0x11c</size>
         <alignment>0x4</alignment>
         <input_file_ref idref="fl-1e"/>
      </object_component>
      <object_component id="oc-152">
         <name>.text.LSM6DSV16X_Init</name>
         <load_address>0x3d0c</load_address>
         <readonly>true</readonly>
         <executable>true</executable>
         <run_address>0x3d0c</run_address>
         <size>0x118</size>
         <alignment>0x4</alignment>
         <input_file_ref idref="fl-8"/>
      </object_component>
      <object_component id="oc-19d">
         <name>.text.OLED_ShowChar</name>
         <load_address>0x3e24</load_address>
         <readonly>true</readonly>
         <executable>true</executable>
         <run_address>0x3e24</run_address>
         <size>0x118</size>
         <alignment>0x4</alignment>
         <input_file_ref idref="fl-c"/>
      </object_component>
      <object_component id="oc-163">
         <name>.text.Perform6</name>
         <load_address>0x3f3c</load_address>
         <readonly>true</readonly>
         <executable>true</executable>
         <run_address>0x3f3c</run_address>
         <size>0x118</size>
         <alignment>0x4</alignment>
         <input_file_ref idref="fl-2"/>
      </object_component>
      <object_component id="oc-191">
         <name>.text.atan2f</name>
         <load_address>0x4054</load_address>
         <readonly>true</readonly>
         <executable>true</executable>
         <run_address>0x4054</run_address>
         <size>0x118</size>
         <alignment>0x4</alignment>
         <input_file_ref idref="fl-3c"/>
      </object_component>
      <object_component id="oc-86">
         <name>.text.extract_template</name>
         <load_address>0x416c</load_address>
         <readonly>true</readonly>
         <executable>true</executable>
         <run_address>0x416c</run_address>
         <size>0x118</size>
         <alignment>0x4</alignment>
         <input_file_ref idref="fl-6"/>
      </object_component>
      <object_component id="oc-151">
         <name>.text.OLED_Init</name>
         <load_address>0x4284</load_address>
         <readonly>true</readonly>
         <executable>true</executable>
         <run_address>0x4284</run_address>
         <size>0x110</size>
         <alignment>0x4</alignment>
         <input_file_ref idref="fl-c"/>
      </object_component>
      <object_component id="oc-bf">
         <name>.text.__divdf3</name>
         <load_address>0x4394</load_address>
         <readonly>true</readonly>
         <executable>true</executable>
         <run_address>0x4394</run_address>
         <size>0x10c</size>
         <alignment>0x4</alignment>
         <input_file_ref idref="fl-117"/>
      </object_component>
      <object_component id="oc-2c0">
         <name>.text.DL_Timer_initFourCCPWMMode</name>
         <load_address>0x44a0</load_address>
         <readonly>true</readonly>
         <executable>true</executable>
         <run_address>0x44a0</run_address>
         <size>0x104</size>
         <alignment>0x4</alignment>
         <input_file_ref idref="fl-1e"/>
      </object_component>
      <object_component id="oc-162">
         <name>.text.Perform5</name>
         <load_address>0x45a4</load_address>
         <readonly>true</readonly>
         <executable>true</executable>
         <run_address>0x45a4</run_address>
         <size>0x104</size>
         <alignment>0x4</alignment>
         <input_file_ref idref="fl-2"/>
      </object_component>
      <object_component id="oc-1ff">
         <name>.text.KEY_ROW_SCAN</name>
         <load_address>0x46a8</load_address>
         <readonly>true</readonly>
         <executable>true</executable>
         <run_address>0x46a8</run_address>
         <size>0x100</size>
         <alignment>0x4</alignment>
         <input_file_ref idref="fl-7"/>
      </object_component>
      <object_component id="oc-f4">
         <name>.text.sflp2q</name>
         <load_address>0x47a8</load_address>
         <readonly>true</readonly>
         <executable>true</executable>
         <run_address>0x47a8</run_address>
         <size>0xfa</size>
         <alignment>0x2</alignment>
         <input_file_ref idref="fl-8"/>
      </object_component>
      <object_component id="oc-dc">
         <name>.text.main</name>
         <load_address>0x48a4</load_address>
         <readonly>true</readonly>
         <executable>true</executable>
         <run_address>0x48a4</run_address>
         <size>0xf8</size>
         <alignment>0x4</alignment>
         <input_file_ref idref="fl-2"/>
      </object_component>
      <object_component id="oc-40">
         <name>.text.UART0_IRQHandler</name>
         <load_address>0x499c</load_address>
         <readonly>true</readonly>
         <executable>true</executable>
         <run_address>0x499c</run_address>
         <size>0xec</size>
         <alignment>0x4</alignment>
         <input_file_ref idref="fl-6"/>
      </object_component>
      <object_component id="oc-2cf">
         <name>.text.DL_Timer_initTimerMode</name>
         <load_address>0x4a88</load_address>
         <readonly>true</readonly>
         <executable>true</executable>
         <run_address>0x4a88</run_address>
         <size>0xe8</size>
         <alignment>0x4</alignment>
         <input_file_ref idref="fl-1e"/>
      </object_component>
      <object_component id="oc-1bf">
         <name>.text.SYSCFG_DL_initPower</name>
         <load_address>0x4b70</load_address>
         <readonly>true</readonly>
         <executable>true</executable>
         <run_address>0x4b70</run_address>
         <size>0xe8</size>
         <alignment>0x4</alignment>
         <input_file_ref idref="fl-4"/>
      </object_component>
      <object_component id="oc-90">
         <name>.text.__muldf3</name>
         <load_address>0x4c58</load_address>
         <readonly>true</readonly>
         <executable>true</executable>
         <run_address>0x4c58</run_address>
         <size>0xe4</size>
         <alignment>0x4</alignment>
         <input_file_ref idref="fl-113"/>
      </object_component>
      <object_component id="oc-2b0">
         <name>.text.DL_SYSCTL_configSYSPLL</name>
         <load_address>0x4d3c</load_address>
         <readonly>true</readonly>
         <executable>true</executable>
         <run_address>0x4d3c</run_address>
         <size>0xdc</size>
         <alignment>0x4</alignment>
         <input_file_ref idref="fl-20"/>
      </object_component>
      <object_component id="oc-15e">
         <name>.text.Perform1</name>
         <load_address>0x4e18</load_address>
         <readonly>true</readonly>
         <executable>true</executable>
         <run_address>0x4e18</run_address>
         <size>0xdc</size>
         <alignment>0x4</alignment>
         <input_file_ref idref="fl-2"/>
      </object_component>
      <object_component id="oc-32d">
         <name>.text.generate_motor_frame</name>
         <load_address>0x4ef4</load_address>
         <readonly>true</readonly>
         <executable>true</executable>
         <run_address>0x4ef4</run_address>
         <size>0xd8</size>
         <alignment>0x4</alignment>
         <input_file_ref idref="fl-3"/>
      </object_component>
      <object_component id="oc-26d">
         <name>.text.scalbn</name>
         <load_address>0x4fcc</load_address>
         <readonly>true</readonly>
         <executable>true</executable>
         <run_address>0x4fcc</run_address>
         <size>0xd8</size>
         <alignment>0x4</alignment>
         <input_file_ref idref="fl-3a"/>
      </object_component>
      <object_component id="oc-134">
         <name>.text</name>
         <load_address>0x50a4</load_address>
         <readonly>true</readonly>
         <executable>true</executable>
         <run_address>0x50a4</run_address>
         <size>0xd8</size>
         <alignment>0x4</alignment>
         <input_file_ref idref="fl-111"/>
      </object_component>
      <object_component id="oc-33b">
         <name>.text.ToFloatBits</name>
         <load_address>0x517c</load_address>
         <readonly>true</readonly>
         <executable>true</executable>
         <run_address>0x517c</run_address>
         <size>0xd0</size>
         <alignment>0x4</alignment>
         <input_file_ref idref="fl-9"/>
      </object_component>
      <object_component id="oc-169">
         <name>.text.adj_line_pid</name>
         <load_address>0x524c</load_address>
         <readonly>true</readonly>
         <executable>true</executable>
         <run_address>0x524c</run_address>
         <size>0xc8</size>
         <alignment>0x4</alignment>
         <input_file_ref idref="fl-2"/>
      </object_component>
      <object_component id="oc-ee">
         <name>.text.lsm6dsv16x_fifo_status_get</name>
         <load_address>0x5314</load_address>
         <readonly>true</readonly>
         <executable>true</executable>
         <run_address>0x5314</run_address>
         <size>0xc8</size>
         <alignment>0x4</alignment>
         <input_file_ref idref="fl-9"/>
      </object_component>
      <object_component id="oc-3a">
         <name>.text.UART3_IRQHandler</name>
         <load_address>0x53dc</load_address>
         <readonly>true</readonly>
         <executable>true</executable>
         <run_address>0x53dc</run_address>
         <size>0xc4</size>
         <alignment>0x4</alignment>
         <input_file_ref idref="fl-6"/>
      </object_component>
      <object_component id="oc-1eb">
         <name>.text.platform_write</name>
         <load_address>0x54a0</load_address>
         <readonly>true</readonly>
         <executable>true</executable>
         <run_address>0x54a0</run_address>
         <size>0xc0</size>
         <alignment>0x4</alignment>
         <input_file_ref idref="fl-8"/>
      </object_component>
      <object_component id="oc-160">
         <name>.text.Perform3</name>
         <load_address>0x5560</load_address>
         <readonly>true</readonly>
         <executable>true</executable>
         <run_address>0x5560</run_address>
         <size>0xbc</size>
         <alignment>0x4</alignment>
         <input_file_ref idref="fl-2"/>
      </object_component>
      <object_component id="oc-1e6">
         <name>.text.lsm6dsv16x_gy_data_rate_set</name>
         <load_address>0x561c</load_address>
         <readonly>true</readonly>
         <executable>true</executable>
         <run_address>0x561c</run_address>
         <size>0xb6</size>
         <alignment>0x2</alignment>
         <input_file_ref idref="fl-9"/>
      </object_component>
      <object_component id="oc-1e5">
         <name>.text.lsm6dsv16x_xl_data_rate_set</name>
         <load_address>0x56d2</load_address>
         <readonly>true</readonly>
         <executable>true</executable>
         <run_address>0x56d2</run_address>
         <size>0xb4</size>
         <alignment>0x2</alignment>
         <input_file_ref idref="fl-9"/>
      </object_component>
      <object_component id="oc-41">
         <name>.text.TIMG0_IRQHandler</name>
         <load_address>0x5788</load_address>
         <readonly>true</readonly>
         <executable>true</executable>
         <run_address>0x5788</run_address>
         <size>0xb0</size>
         <alignment>0x4</alignment>
         <input_file_ref idref="fl-3"/>
      </object_component>
      <object_component id="oc-1dd">
         <name>.text.lsm6dsv16x_reset_get</name>
         <load_address>0x5838</load_address>
         <readonly>true</readonly>
         <executable>true</executable>
         <run_address>0x5838</run_address>
         <size>0xac</size>
         <alignment>0x4</alignment>
         <input_file_ref idref="fl-9"/>
      </object_component>
      <object_component id="oc-1dc">
         <name>.text.lsm6dsv16x_reset_set</name>
         <load_address>0x58e4</load_address>
         <readonly>true</readonly>
         <executable>true</executable>
         <run_address>0x58e4</run_address>
         <size>0xa6</size>
         <alignment>0x2</alignment>
         <input_file_ref idref="fl-9"/>
      </object_component>
      <object_component id="oc-364">
         <name>.text</name>
         <load_address>0x598c</load_address>
         <readonly>true</readonly>
         <executable>true</executable>
         <run_address>0x598c</run_address>
         <size>0xa2</size>
         <alignment>0x4</alignment>
         <input_file_ref idref="fl-12a"/>
      </object_component>
      <object_component id="oc-18d">
         <name>.text.sqrtf</name>
         <load_address>0x5a30</load_address>
         <readonly>true</readonly>
         <executable>true</executable>
         <run_address>0x5a30</run_address>
         <size>0xa0</size>
         <alignment>0x4</alignment>
         <input_file_ref idref="fl-3d"/>
      </object_component>
      <object_component id="oc-224">
         <name>.text.set_xy_offsets</name>
         <load_address>0x5ad0</load_address>
         <readonly>true</readonly>
         <executable>true</executable>
         <run_address>0x5ad0</run_address>
         <size>0x9c</size>
         <alignment>0x4</alignment>
         <input_file_ref idref="fl-3"/>
      </object_component>
      <object_component id="oc-1d9">
         <name>.text.OLED_WR_Byte</name>
         <load_address>0x5b6c</load_address>
         <readonly>true</readonly>
         <executable>true</executable>
         <run_address>0x5b6c</run_address>
         <size>0x98</size>
         <alignment>0x4</alignment>
         <input_file_ref idref="fl-c"/>
      </object_component>
      <object_component id="oc-aa">
         <name>.text.backward_uart_send</name>
         <load_address>0x5c04</load_address>
         <readonly>true</readonly>
         <executable>true</executable>
         <run_address>0x5c04</run_address>
         <size>0x94</size>
         <alignment>0x4</alignment>
         <input_file_ref idref="fl-6"/>
      </object_component>
      <object_component id="oc-1e1">
         <name>.text.lsm6dsv16x_fifo_sflp_batch_set</name>
         <load_address>0x5c98</load_address>
         <readonly>true</readonly>
         <executable>true</executable>
         <run_address>0x5c98</run_address>
         <size>0x94</size>
         <alignment>0x2</alignment>
         <input_file_ref idref="fl-9"/>
      </object_component>
      <object_component id="oc-16a">
         <name>.text.adj_turn_pid</name>
         <load_address>0x5d2c</load_address>
         <readonly>true</readonly>
         <executable>true</executable>
         <run_address>0x5d2c</run_address>
         <size>0x90</size>
         <alignment>0x4</alignment>
         <input_file_ref idref="fl-2"/>
      </object_component>
      <object_component id="oc-1c2">
         <name>.text.SYSCFG_DL_PWM_MOTOR_1_init</name>
         <load_address>0x5dbc</load_address>
         <readonly>true</readonly>
         <executable>true</executable>
         <run_address>0x5dbc</run_address>
         <size>0x8c</size>
         <alignment>0x4</alignment>
         <input_file_ref idref="fl-4"/>
      </object_component>
      <object_component id="oc-bb">
         <name>.text.__mulsf3</name>
         <load_address>0x5e48</load_address>
         <readonly>true</readonly>
         <executable>true</executable>
         <run_address>0x5e48</run_address>
         <size>0x8c</size>
         <alignment>0x4</alignment>
         <input_file_ref idref="fl-115"/>
      </object_component>
      <object_component id="oc-32c">
         <name>.text.set_motor_duty</name>
         <load_address>0x5ed4</load_address>
         <readonly>true</readonly>
         <executable>true</executable>
         <run_address>0x5ed4</run_address>
         <size>0x8c</size>
         <alignment>0x4</alignment>
         <input_file_ref idref="fl-3"/>
      </object_component>
      <object_component id="oc-1d5">
         <name>.text.__NVIC_SetPriority</name>
         <load_address>0x5f60</load_address>
         <readonly>true</readonly>
         <executable>true</executable>
         <run_address>0x5f60</run_address>
         <size>0x84</size>
         <alignment>0x4</alignment>
         <input_file_ref idref="fl-a"/>
      </object_component>
      <object_component id="oc-2b8">
         <name>.text.__NVIC_SetPriority</name>
         <load_address>0x5fe4</load_address>
         <readonly>true</readonly>
         <executable>true</executable>
         <run_address>0x5fe4</run_address>
         <size>0x84</size>
         <alignment>0x4</alignment>
         <input_file_ref idref="fl-4"/>
      </object_component>
      <object_component id="oc-fc">
         <name>.text.__divsf3</name>
         <load_address>0x6068</load_address>
         <readonly>true</readonly>
         <executable>true</executable>
         <run_address>0x6068</run_address>
         <size>0x82</size>
         <alignment>0x4</alignment>
         <input_file_ref idref="fl-116"/>
      </object_component>
      <object_component id="oc-15f">
         <name>.text.Perform2</name>
         <load_address>0x60ec</load_address>
         <readonly>true</readonly>
         <executable>true</executable>
         <run_address>0x60ec</run_address>
         <size>0x7c</size>
         <alignment>0x4</alignment>
         <input_file_ref idref="fl-2"/>
      </object_component>
      <object_component id="oc-1e7">
         <name>.text.lsm6dsv16x_sflp_data_rate_set</name>
         <load_address>0x6168</load_address>
         <readonly>true</readonly>
         <executable>true</executable>
         <run_address>0x6168</run_address>
         <size>0x7c</size>
         <alignment>0x2</alignment>
         <input_file_ref idref="fl-9"/>
      </object_component>
      <object_component id="oc-1e8">
         <name>.text.lsm6dsv16x_sflp_game_rotation_set</name>
         <load_address>0x61e4</load_address>
         <readonly>true</readonly>
         <executable>true</executable>
         <run_address>0x61e4</run_address>
         <size>0x7c</size>
         <alignment>0x2</alignment>
         <input_file_ref idref="fl-9"/>
      </object_component>
      <object_component id="oc-1c">
         <name>.text:decompress:lzss</name>
         <load_address>0x6260</load_address>
         <readonly>true</readonly>
         <executable>true</executable>
         <run_address>0x6260</run_address>
         <size>0x7c</size>
         <alignment>0x4</alignment>
         <input_file_ref idref="fl-4f"/>
      </object_component>
      <object_component id="oc-354">
         <name>.text.__gedf2</name>
         <load_address>0x62dc</load_address>
         <readonly>true</readonly>
         <executable>true</executable>
         <run_address>0x62dc</run_address>
         <size>0x74</size>
         <alignment>0x4</alignment>
         <input_file_ref idref="fl-12c"/>
      </object_component>
      <object_component id="oc-98">
         <name>.text.__truncdfsf2</name>
         <load_address>0x6350</load_address>
         <readonly>true</readonly>
         <executable>true</executable>
         <run_address>0x6350</run_address>
         <size>0x74</size>
         <alignment>0x10</alignment>
         <input_file_ref idref="fl-121"/>
      </object_component>
      <object_component id="oc-1f3">
         <name>.text.uart_forward_init</name>
         <load_address>0x63c4</load_address>
         <readonly>true</readonly>
         <executable>true</executable>
         <run_address>0x63c4</run_address>
         <size>0x74</size>
         <alignment>0x4</alignment>
         <input_file_ref idref="fl-6"/>
      </object_component>
      <object_component id="oc-10b">
         <name>.text.OLED_ShowString</name>
         <load_address>0x6438</load_address>
         <readonly>true</readonly>
         <executable>true</executable>
         <run_address>0x6438</run_address>
         <size>0x70</size>
         <alignment>0x2</alignment>
         <input_file_ref idref="fl-c"/>
      </object_component>
      <object_component id="oc-14a">
         <name>.text.SYSCFG_DL_init</name>
         <load_address>0x64a8</load_address>
         <readonly>true</readonly>
         <executable>true</executable>
         <run_address>0x64a8</run_address>
         <size>0x6c</size>
         <alignment>0x4</alignment>
         <input_file_ref idref="fl-4"/>
      </object_component>
      <object_component id="oc-c8">
         <name>.text.reset_uart_reception</name>
         <load_address>0x6514</load_address>
         <readonly>true</readonly>
         <executable>true</executable>
         <run_address>0x6514</run_address>
         <size>0x6c</size>
         <alignment>0x4</alignment>
         <input_file_ref idref="fl-6"/>
      </object_component>
      <object_component id="oc-c3">
         <name>.text.speed_filter</name>
         <load_address>0x6580</load_address>
         <readonly>true</readonly>
         <executable>true</executable>
         <run_address>0x6580</run_address>
         <size>0x6c</size>
         <alignment>0x4</alignment>
         <input_file_ref idref="fl-3"/>
      </object_component>
      <object_component id="oc-157">
         <name>.text.OLED_Clear</name>
         <load_address>0x65ec</load_address>
         <readonly>true</readonly>
         <executable>true</executable>
         <run_address>0x65ec</run_address>
         <size>0x6a</size>
         <alignment>0x2</alignment>
         <input_file_ref idref="fl-c"/>
      </object_component>
      <object_component id="oc-1c9">
         <name>.text.SYSCFG_DL_UART_K230_init</name>
         <load_address>0x6658</load_address>
         <readonly>true</readonly>
         <executable>true</executable>
         <run_address>0x6658</run_address>
         <size>0x68</size>
         <alignment>0x4</alignment>
         <input_file_ref idref="fl-4"/>
      </object_component>
      <object_component id="oc-34e">
         <name>.text.__ledf2</name>
         <load_address>0x66c0</load_address>
         <readonly>true</readonly>
         <executable>true</executable>
         <run_address>0x66c0</run_address>
         <size>0x68</size>
         <alignment>0x4</alignment>
         <input_file_ref idref="fl-12c"/>
      </object_component>
      <object_component id="oc-1f4">
         <name>.text.uart_init_k230</name>
         <load_address>0x6728</load_address>
         <readonly>true</readonly>
         <executable>true</executable>
         <run_address>0x6728</run_address>
         <size>0x68</size>
         <alignment>0x4</alignment>
         <input_file_ref idref="fl-6"/>
      </object_component>
      <object_component id="oc-379">
         <name>.text._mcpy</name>
         <load_address>0x6790</load_address>
         <readonly>true</readonly>
         <executable>true</executable>
         <run_address>0x6790</run_address>
         <size>0x66</size>
         <alignment>0x2</alignment>
         <input_file_ref idref="fl-50"/>
      </object_component>
      <object_component id="oc-310">
         <name>.text.mspm0_i2c_sda_unlock</name>
         <load_address>0x67f8</load_address>
         <readonly>true</readonly>
         <executable>true</executable>
         <run_address>0x67f8</run_address>
         <size>0x64</size>
         <alignment>0x4</alignment>
         <input_file_ref idref="fl-8"/>
      </object_component>
      <object_component id="oc-267">
         <name>.text.__aeabi_dcmp</name>
         <load_address>0x685c</load_address>
         <readonly>true</readonly>
         <executable>true</executable>
         <run_address>0x685c</run_address>
         <size>0x62</size>
         <alignment>0x4</alignment>
         <input_file_ref idref="fl-122"/>
      </object_component>
      <object_component id="oc-c4">
         <name>.text.__aeabi_fcmp</name>
         <load_address>0x68c0</load_address>
         <readonly>true</readonly>
         <executable>true</executable>
         <run_address>0x68c0</run_address>
         <size>0x62</size>
         <alignment>0x4</alignment>
         <input_file_ref idref="fl-123"/>
      </object_component>
      <object_component id="oc-30b">
         <name>.text.lsm6dsv16x_mem_bank_set</name>
         <load_address>0x6922</load_address>
         <readonly>true</readonly>
         <executable>true</executable>
         <run_address>0x6922</run_address>
         <size>0x62</size>
         <alignment>0x2</alignment>
         <input_file_ref idref="fl-9"/>
      </object_component>
      <object_component id="oc-158">
         <name>.text.OLED_Show_Init</name>
         <load_address>0x6984</load_address>
         <readonly>true</readonly>
         <executable>true</executable>
         <run_address>0x6984</run_address>
         <size>0x60</size>
         <alignment>0x4</alignment>
         <input_file_ref idref="fl-2"/>
      </object_component>
      <object_component id="oc-20f">
         <name>.text.calculate_yaw_error</name>
         <load_address>0x69e4</load_address>
         <readonly>true</readonly>
         <executable>true</executable>
         <run_address>0x69e4</run_address>
         <size>0x60</size>
         <alignment>0x4</alignment>
         <input_file_ref idref="fl-3"/>
      </object_component>
      <object_component id="oc-1d7">
         <name>.text.oled_i2c_sda_unlock</name>
         <load_address>0x6a44</load_address>
         <readonly>true</readonly>
         <executable>true</executable>
         <run_address>0x6a44</run_address>
         <size>0x60</size>
         <alignment>0x4</alignment>
         <input_file_ref idref="fl-c"/>
      </object_component>
      <object_component id="oc-305">
         <name>.text.DL_I2C_fillControllerTXFIFO</name>
         <load_address>0x6aa4</load_address>
         <readonly>true</readonly>
         <executable>true</executable>
         <run_address>0x6aa4</run_address>
         <size>0x5e</size>
         <alignment>0x2</alignment>
         <input_file_ref idref="fl-1d"/>
      </object_component>
      <object_component id="oc-47">
         <name>.text.TIMA0_IRQHandler</name>
         <load_address>0x6b04</load_address>
         <readonly>true</readonly>
         <executable>true</executable>
         <run_address>0x6b04</run_address>
         <size>0x5c</size>
         <alignment>0x4</alignment>
         <input_file_ref idref="fl-3"/>
      </object_component>
      <object_component id="oc-369">
         <name>.text.frexp</name>
         <load_address>0x6b60</load_address>
         <readonly>true</readonly>
         <executable>true</executable>
         <run_address>0x6b60</run_address>
         <size>0x5c</size>
         <alignment>0x4</alignment>
         <input_file_ref idref="fl-56"/>
      </object_component>
      <object_component id="oc-3a2">
         <name>.text.mspm0_i2c_enable</name>
         <load_address>0x6bbc</load_address>
         <readonly>true</readonly>
         <executable>true</executable>
         <run_address>0x6bbc</run_address>
         <size>0x5c</size>
         <alignment>0x4</alignment>
         <input_file_ref idref="fl-8"/>
      </object_component>
      <object_component id="oc-303">
         <name>.text.mspm0_i2c_enable</name>
         <load_address>0x6c18</load_address>
         <readonly>true</readonly>
         <executable>true</executable>
         <run_address>0x6c18</run_address>
         <size>0x5c</size>
         <alignment>0x4</alignment>
         <input_file_ref idref="fl-c"/>
      </object_component>
      <object_component id="oc-7c">
         <name>.text.reset_forward_reception</name>
         <load_address>0x6c74</load_address>
         <readonly>true</readonly>
         <executable>true</executable>
         <run_address>0x6c74</run_address>
         <size>0x5c</size>
         <alignment>0x4</alignment>
         <input_file_ref idref="fl-6"/>
      </object_component>
      <object_component id="oc-1c8">
         <name>.text.SYSCFG_DL_I2C_LSM6DSV16X_init</name>
         <load_address>0x6cd0</load_address>
         <readonly>true</readonly>
         <executable>true</executable>
         <run_address>0x6cd0</run_address>
         <size>0x58</size>
         <alignment>0x4</alignment>
         <input_file_ref idref="fl-4"/>
      </object_component>
      <object_component id="oc-1c7">
         <name>.text.SYSCFG_DL_I2C_OLED_init</name>
         <load_address>0x6d28</load_address>
         <readonly>true</readonly>
         <executable>true</executable>
         <run_address>0x6d28</run_address>
         <size>0x58</size>
         <alignment>0x4</alignment>
         <input_file_ref idref="fl-4"/>
      </object_component>
      <object_component id="oc-1ca">
         <name>.text.SYSCFG_DL_UART_FORWORD_init</name>
         <load_address>0x6d80</load_address>
         <readonly>true</readonly>
         <executable>true</executable>
         <run_address>0x6d80</run_address>
         <size>0x58</size>
         <alignment>0x4</alignment>
         <input_file_ref idref="fl-4"/>
      </object_component>
      <object_component id="oc-371">
         <name>.text.__TI_ltoa</name>
         <load_address>0x6dd8</load_address>
         <readonly>true</readonly>
         <executable>true</executable>
         <run_address>0x6dd8</run_address>
         <size>0x58</size>
         <alignment>0x2</alignment>
         <input_file_ref idref="fl-5a"/>
      </object_component>
      <object_component id="oc-290">
         <name>.text._pconv_f</name>
         <load_address>0x6e30</load_address>
         <readonly>true</readonly>
         <executable>true</executable>
         <run_address>0x6e30</run_address>
         <size>0x58</size>
         <alignment>0x2</alignment>
         <input_file_ref idref="fl-50"/>
      </object_component>
      <object_component id="oc-7b">
         <name>.text.uart_forward_start_receive</name>
         <load_address>0x6e88</load_address>
         <readonly>true</readonly>
         <executable>true</executable>
         <run_address>0x6e88</run_address>
         <size>0x58</size>
         <alignment>0x4</alignment>
         <input_file_ref idref="fl-6"/>
      </object_component>
      <object_component id="oc-31f">
         <name>.text.__aeabi_idivmod</name>
         <load_address>0x6ee0</load_address>
         <readonly>true</readonly>
         <executable>true</executable>
         <run_address>0x6ee0</run_address>
         <size>0x56</size>
         <alignment>0x4</alignment>
         <input_file_ref idref="fl-124"/>
      </object_component>
      <object_component id="oc-48">
         <name>.text.TIMG7_IRQHandler</name>
         <load_address>0x6f38</load_address>
         <readonly>true</readonly>
         <executable>true</executable>
         <run_address>0x6f38</run_address>
         <size>0x54</size>
         <alignment>0x4</alignment>
         <input_file_ref idref="fl-3"/>
      </object_component>
      <object_component id="oc-1f5">
         <name>.text.backward_uart_init</name>
         <load_address>0x6f8c</load_address>
         <readonly>true</readonly>
         <executable>true</executable>
         <run_address>0x6f8c</run_address>
         <size>0x54</size>
         <alignment>0x4</alignment>
         <input_file_ref idref="fl-6"/>
      </object_component>
      <object_component id="oc-206">
         <name>.text.stop</name>
         <load_address>0x6fe0</load_address>
         <readonly>true</readonly>
         <executable>true</executable>
         <run_address>0x6fe0</run_address>
         <size>0x54</size>
         <alignment>0x4</alignment>
         <input_file_ref idref="fl-2"/>
      </object_component>
      <object_component id="oc-377">
         <name>.text._ecpy</name>
         <load_address>0x7034</load_address>
         <readonly>true</readonly>
         <executable>true</executable>
         <run_address>0x7034</run_address>
         <size>0x52</size>
         <alignment>0x2</alignment>
         <input_file_ref idref="fl-50"/>
      </object_component>
      <object_component id="oc-30f">
         <name>.text.DL_I2C_startControllerTransfer</name>
         <load_address>0x7088</load_address>
         <readonly>true</readonly>
         <executable>true</executable>
         <run_address>0x7088</run_address>
         <size>0x50</size>
         <alignment>0x4</alignment>
         <input_file_ref idref="fl-8"/>
      </object_component>
      <object_component id="oc-308">
         <name>.text.DL_I2C_startControllerTransfer</name>
         <load_address>0x70d8</load_address>
         <readonly>true</readonly>
         <executable>true</executable>
         <run_address>0x70d8</run_address>
         <size>0x50</size>
         <alignment>0x4</alignment>
         <input_file_ref idref="fl-c"/>
      </object_component>
      <object_component id="oc-1cb">
         <name>.text.SYSCFG_DL_UART_BACKWARD_init</name>
         <load_address>0x7128</load_address>
         <readonly>true</readonly>
         <executable>true</executable>
         <run_address>0x7128</run_address>
         <size>0x50</size>
         <alignment>0x4</alignment>
         <input_file_ref idref="fl-4"/>
      </object_component>
      <object_component id="oc-1d4">
         <name>.text.SysTick_Config</name>
         <load_address>0x7178</load_address>
         <readonly>true</readonly>
         <executable>true</executable>
         <run_address>0x7178</run_address>
         <size>0x50</size>
         <alignment>0x4</alignment>
         <input_file_ref idref="fl-a"/>
      </object_component>
      <object_component id="oc-38c">
         <name>.text.DL_DMA_initChannel</name>
         <load_address>0x71c8</load_address>
         <readonly>true</readonly>
         <executable>true</executable>
         <run_address>0x71c8</run_address>
         <size>0x4c</size>
         <alignment>0x4</alignment>
         <input_file_ref idref="fl-1c"/>
      </object_component>
      <object_component id="oc-2ec">
         <name>.text.DL_UART_setBaudRateDivisor</name>
         <load_address>0x7214</load_address>
         <readonly>true</readonly>
         <executable>true</executable>
         <run_address>0x7214</run_address>
         <size>0x4c</size>
         <alignment>0x4</alignment>
         <input_file_ref idref="fl-4"/>
      </object_component>
      <object_component id="oc-164">
         <name>.text.contrl_ptz</name>
         <load_address>0x7260</load_address>
         <readonly>true</readonly>
         <executable>true</executable>
         <run_address>0x7260</run_address>
         <size>0x4c</size>
         <alignment>0x2</alignment>
         <input_file_ref idref="fl-1"/>
      </object_component>
      <object_component id="oc-36d">
         <name>.text.__fixdfsi</name>
         <load_address>0x72ac</load_address>
         <readonly>true</readonly>
         <executable>true</executable>
         <run_address>0x72ac</run_address>
         <size>0x4a</size>
         <alignment>0x4</alignment>
         <input_file_ref idref="fl-119"/>
      </object_component>
      <object_component id="oc-116">
         <name>.text.is_string_eq</name>
         <load_address>0x72f6</load_address>
         <readonly>true</readonly>
         <executable>true</executable>
         <run_address>0x72f6</run_address>
         <size>0x4a</size>
         <alignment>0x2</alignment>
         <input_file_ref idref="fl-6"/>
      </object_component>
      <object_component id="oc-2ea">
         <name>.text.DL_UART_init</name>
         <load_address>0x7340</load_address>
         <readonly>true</readonly>
         <executable>true</executable>
         <run_address>0x7340</run_address>
         <size>0x48</size>
         <alignment>0x4</alignment>
         <input_file_ref idref="fl-1f"/>
      </object_component>
      <object_component id="oc-1c1">
         <name>.text.SYSCFG_DL_SYSCTL_init</name>
         <load_address>0x7388</load_address>
         <readonly>true</readonly>
         <executable>true</executable>
         <run_address>0x7388</run_address>
         <size>0x48</size>
         <alignment>0x4</alignment>
         <input_file_ref idref="fl-4"/>
      </object_component>
      <object_component id="oc-1e4">
         <name>.text.lsm6dsv16x_fifo_mode_set</name>
         <load_address>0x73d0</load_address>
         <readonly>true</readonly>
         <executable>true</executable>
         <run_address>0x73d0</run_address>
         <size>0x48</size>
         <alignment>0x2</alignment>
         <input_file_ref idref="fl-9"/>
      </object_component>
      <object_component id="oc-1e2">
         <name>.text.lsm6dsv16x_fifo_xl_batch_set</name>
         <load_address>0x7418</load_address>
         <readonly>true</readonly>
         <executable>true</executable>
         <run_address>0x7418</run_address>
         <size>0x48</size>
         <alignment>0x2</alignment>
         <input_file_ref idref="fl-9"/>
      </object_component>
      <object_component id="oc-1e0">
         <name>.text.lsm6dsv16x_gy_full_scale_set</name>
         <load_address>0x7460</load_address>
         <readonly>true</readonly>
         <executable>true</executable>
         <run_address>0x7460</run_address>
         <size>0x48</size>
         <alignment>0x2</alignment>
         <input_file_ref idref="fl-9"/>
      </object_component>
      <object_component id="oc-1df">
         <name>.text.lsm6dsv16x_xl_full_scale_set</name>
         <load_address>0x74a8</load_address>
         <readonly>true</readonly>
         <executable>true</executable>
         <run_address>0x74a8</run_address>
         <size>0x48</size>
         <alignment>0x2</alignment>
         <input_file_ref idref="fl-9"/>
      </object_component>
      <object_component id="oc-39e">
         <name>.text.mspm0_i2c_disable</name>
         <load_address>0x74f0</load_address>
         <readonly>true</readonly>
         <executable>true</executable>
         <run_address>0x74f0</run_address>
         <size>0x48</size>
         <alignment>0x4</alignment>
         <input_file_ref idref="fl-8"/>
      </object_component>
[...]
         <object_component_ref idref="oc-2c3"/>
      </symbol>
      <symbol id="sm-4fa">
         <name>DL_Timer_setCaptureCompareOutCtl</name>
         <value>0x8ab5</value>
         <object_component_ref idref="oc-2c2"/>
      </symbol>
      <symbol id="sm-4fb">
         <name>DL_Timer_initFourCCPWMMode</name>
         <value>0x44a1</value>
         <object_component_ref idref="oc-2c0"/>
      </symbol>
      <symbol id="sm-50b">
         <name>DL_UART_init</name>
         <value>0x7341</value>
         <object_component_ref idref="oc-2ea"/>
      </symbol>
      <symbol id="sm-50c">
         <name>DL_UART_setClockConfig</name>
         <value>0x8de9</value>
         <object_component_ref idref="oc-2e4"/>
      </symbol>
      <symbol id="sm-50d">
         <name>DL_UART_transmitDataBlocking</name>
         <value>0x8475</value>
         <object_component_ref idref="oc-317"/>
      </symbol>
      <symbol id="sm-51b">
         <name>DL_SYSCTL_configSYSPLL</name>
         <value>0x4d3d</value>
         <object_component_ref idref="oc-2b0"/>
      </symbol>
      <symbol id="sm-51c">
         <name>DL_SYSCTL_switchMCLKfromSYSOSCtoHSCLK</name>
         <value>0x75c5</value>
         <object_component_ref idref="oc-2b7"/>
      </symbol>
      <symbol id="sm-52d">
         <name>sprintf</name>
         <value>0x7d55</value>
         <object_component_ref idref="oc-a0"/>
      </symbol>
      <symbol id="sm-561">
         <name>pow</name>
         <value>0xc1</value>
         <object_component_ref idref="oc-1a7"/>
      </symbol>
      <symbol id="sm-562">
         <name>powl</name>
         <value>0xc1</value>
         <object_component_ref idref="oc-1a7"/>
      </symbol>
      <symbol id="sm-56c">
         <name>sqrt</name>
         <value>0x2bb1</value>
         <object_component_ref idref="oc-250"/>
      </symbol>
      <symbol id="sm-56d">
         <name>sqrtl</name>
         <value>0x2bb1</value>
         <object_component_ref idref="oc-250"/>
      </symbol>
      <symbol id="sm-577">
         <name>scalbn</name>
         <value>0x4fcd</value>
         <object_component_ref idref="oc-26d"/>
      </symbol>
      <symbol id="sm-578">
         <name>ldexp</name>
         <value>0x4fcd</value>
         <object_component_ref idref="oc-26d"/>
      </symbol>
      <symbol id="sm-579">
         <name>scalbnl</name>
         <value>0x4fcd</value>
         <object_component_ref idref="oc-26d"/>
      </symbol>
      <symbol id="sm-57a">
         <name>ldexpl</name>
         <value>0x4fcd</value>
         <object_component_ref idref="oc-26d"/>
      </symbol>
      <symbol id="sm-588">
         <name>asinf</name>
         <value>0x2d21</value>
         <object_component_ref idref="oc-195"/>
      </symbol>
      <symbol id="sm-596">
         <name>atan2f</name>
         <value>0x4055</value>
         <object_component_ref idref="oc-191"/>
      </symbol>
      <symbol id="sm-5a0">
         <name>sqrtf</name>
         <value>0x5a31</value>
         <object_component_ref idref="oc-18d"/>
      </symbol>
      <symbol id="sm-5b4">
         <name>atanf</name>
         <value>0x24ed</value>
         <object_component_ref idref="oc-246"/>
      </symbol>
      <symbol id="sm-5c1">
         <name>fmaxf</name>
         <value>0x77d9</value>
         <object_component_ref idref="oc-323"/>
      </symbol>
      <symbol id="sm-5c2">
         <name>fminf</name>
         <value>0x7959</value>
         <object_component_ref idref="oc-3af"/>
      </symbol>
      <symbol id="sm-5cd">
         <name>__aeabi_errno_addr</name>
         <value>0x8f55</value>
         <object_component_ref idref="oc-23e"/>
      </symbol>
      <symbol id="sm-5ce">
         <name>__aeabi_errno</name>
         <value>0x2020054c</value>
         <object_component_ref idref="oc-33c"/>
      </symbol>
      <symbol id="sm-5d9">
         <name>isdigit</name>
         <value>0x8e9f</value>
         <object_component_ref idref="oc-112"/>
      </symbol>
      <symbol id="sm-5e3">
         <name>strlen</name>
         <value>0x8ebb</value>
         <object_component_ref idref="oc-a6"/>
      </symbol>
      <symbol id="sm-5ef">
         <name>_c_int00_noargs</name>
         <value>0x82c5</value>
         <object_component_ref idref="oc-64"/>
      </symbol>
      <symbol id="sm-5f0">
         <name>__stack</name>
         <value>0x20207e00</value>
         <object_component_ref idref="oc-1a"/>
      </symbol>
      <symbol id="sm-5ff">
         <name>__TI_auto_init_nobinit_nopinit</name>
         <value>0x7c69</value>
         <object_component_ref idref="oc-176"/>
      </symbol>
      <symbol id="sm-607">
         <name>_system_pre_init</name>
         <value>0x9001</value>
         <object_component_ref idref="oc-d8"/>
      </symbol>
      <symbol id="sm-612">
         <name>__TI_zero_init</name>
         <value>0x8e81</value>
         <object_component_ref idref="oc-61"/>
      </symbol>
      <symbol id="sm-61b">
         <name>__TI_decompress_none</name>
         <value>0x8e0d</value>
         <object_component_ref idref="oc-20"/>
      </symbol>
      <symbol id="sm-626">
         <name>__TI_decompress_lzss</name>
         <value>0x6261</value>
         <object_component_ref idref="oc-1c"/>
      </symbol>
      <symbol id="sm-66f">
         <name>__TI_printfi</name>
         <value>0xb09</value>
         <object_component_ref idref="oc-1b5"/>
      </symbol>
      <symbol id="sm-67e">
         <name>frexp</name>
         <value>0x6b61</value>
         <object_component_ref idref="oc-369"/>
      </symbol>
      <symbol id="sm-67f">
         <name>frexpl</name>
         <value>0x6b61</value>
         <object_component_ref idref="oc-369"/>
      </symbol>
      <symbol id="sm-688">
         <name>wcslen</name>
         <value>0x8e71</value>
         <object_component_ref idref="oc-281"/>
      </symbol>
      <symbol id="sm-692">
         <name>abort</name>
         <value>0x8fb9</value>
         <object_component_ref idref="oc-16f"/>
      </symbol>
      <symbol id="sm-69c">
         <name>__TI_ltoa</name>
         <value>0x6dd9</value>
         <object_component_ref idref="oc-371"/>
      </symbol>
      <symbol id="sm-6a7">
         <name>atoi</name>
         <value>0x7799</value>
         <object_component_ref idref="oc-27d"/>
      </symbol>
      <symbol id="sm-6b0">
         <name>memccpy</name>
         <value>0x83f1</value>
         <object_component_ref idref="oc-276"/>
      </symbol>
      <symbol id="sm-6b3">
         <name>__aeabi_ctype_table_</name>
         <value>0x9830</value>
         <object_component_ref idref="oc-35c"/>
      </symbol>
      <symbol id="sm-6b4">
         <name>__aeabi_ctype_table_C</name>
         <value>0x9830</value>
         <object_component_ref idref="oc-35c"/>
      </symbol>
      <symbol id="sm-6bd">
         <name>HOSTexit</name>
         <value>0x8fc3</value>
         <object_component_ref idref="oc-22d"/>
      </symbol>
      <symbol id="sm-6be">
         <name>C$$EXIT</name>
         <value>0x8fc2</value>
         <object_component_ref idref="oc-22d"/>
      </symbol>
      <symbol id="sm-6d3">
         <name>__aeabi_fadd</name>
         <value>0x50af</value>
         <object_component_ref idref="oc-134"/>
      </symbol>
      <symbol id="sm-6d4">
         <name>__addsf3</name>
         <value>0x50af</value>
         <object_component_ref idref="oc-134"/>
      </symbol>
      <symbol id="sm-6d5">
         <name>__aeabi_fsub</name>
         <value>0x50a5</value>
         <object_component_ref idref="oc-134"/>
      </symbol>
      <symbol id="sm-6d6">
         <name>__subsf3</name>
         <value>0x50a5</value>
         <object_component_ref idref="oc-134"/>
      </symbol>
      <symbol id="sm-6df">
         <name>__aeabi_dadd</name>
         <value>0x2a27</value>
         <object_component_ref idref="oc-94"/>
      </symbol>
      <symbol id="sm-6e0">
         <name>__adddf3</name>
         <value>0x2a27</value>
         <object_component_ref idref="oc-94"/>
      </symbol>
      <symbol id="sm-6e1">
         <name>__aeabi_dsub</name>
         <value>0x2a1d</value>
         <object_component_ref idref="oc-94"/>
      </symbol>
      <symbol id="sm-6e2">
         <name>__subdf3</name>
         <value>0x2a1d</value>
         <object_component_ref idref="oc-94"/>
      </symbol>
      <symbol id="sm-6ee">
         <name>__aeabi_dmul</name>
         <value>0x4c59</value>
         <object_component_ref idref="oc-90"/>
      </symbol>
      <symbol id="sm-6ef">
         <name>__muldf3</name>
         <value>0x4c59</value>
         <object_component_ref idref="oc-90"/>
      </symbol>
      <symbol id="sm-6f8">
         <name>__muldsi3</name>
         <value>0x7ce1</value>
         <object_component_ref idref="oc-11e"/>
      </symbol>
      <symbol id="sm-6fe">
         <name>__aeabi_fmul</name>
         <value>0x5e49</value>
         <object_component_ref idref="oc-bb"/>
      </symbol>
      <symbol id="sm-6ff">
         <name>__mulsf3</name>
         <value>0x5e49</value>
         <object_component_ref idref="oc-bb"/>
      </symbol>
      <symbol id="sm-708">
         <name>__aeabi_fdiv</name>
         <value>0x6069</value>
         <object_component_ref idref="oc-fc"/>
      </symbol>
      <symbol id="sm-709">
         <name>__divsf3</name>
         <value>0x6069</value>
         <object_component_ref idref="oc-fc"/>
      </symbol>
      <symbol id="sm-712">
         <name>__aeabi_ddiv</name>
         <value>0x4395</value>
         <object_component_ref idref="oc-bf"/>
      </symbol>
      <symbol id="sm-713">
         <name>__divdf3</name>
         <value>0x4395</value>
         <object_component_ref idref="oc-bf"/>
      </symbol>
      <symbol id="sm-719">
         <name>__aeabi_f2d</name>
         <value>0x7759</value>
         <object_component_ref idref="oc-9c"/>
      </symbol>
      <symbol id="sm-71a">
         <name>__extendsfdf2</name>
         <value>0x7759</value>
         <object_component_ref idref="oc-9c"/>
      </symbol>
      <symbol id="sm-720">
         <name>__aeabi_d2iz</name>
         <value>0x72ad</value>
         <object_component_ref idref="oc-36d"/>
      </symbol>
      <symbol id="sm-721">
         <name>__fixdfsi</name>
         <value>0x72ad</value>
         <object_component_ref idref="oc-36d"/>
      </symbol>
      <symbol id="sm-727">
         <name>__aeabi_f2iz</name>
         <value>0x7d1d</value>
         <object_component_ref idref="oc-f7"/>
      </symbol>
      <symbol id="sm-728">
         <name>__fixsfsi</name>
         <value>0x7d1d</value>
         <object_component_ref idref="oc-f7"/>
      </symbol>
      <symbol id="sm-72e">
         <name>__aeabi_f2uiz</name>
         <value>0x7f2d</value>
         <object_component_ref idref="oc-3a9"/>
      </symbol>
      <symbol id="sm-72f">
         <name>__fixunssfsi</name>
         <value>0x7f2d</value>
         <object_component_ref idref="oc-3a9"/>
      </symbol>
      <symbol id="sm-735">
         <name>__aeabi_i2d</name>
         <value>0x8105</value>
         <object_component_ref idref="oc-8c"/>
      </symbol>
      <symbol id="sm-736">
         <name>__floatsidf</name>
         <value>0x8105</value>
         <object_component_ref idref="oc-8c"/>
      </symbol>
      <symbol id="sm-73c">
         <name>__aeabi_i2f</name>
         <value>0x7bf1</value>
         <object_component_ref idref="oc-b7"/>
      </symbol>
      <symbol id="sm-73d">
         <name>__floatsisf</name>
         <value>0x7bf1</value>
         <object_component_ref idref="oc-b7"/>
      </symbol>
      <symbol id="sm-743">
         <name>__aeabi_ui2d</name>
         <value>0x8385</value>
         <object_component_ref idref="oc-1a3"/>
      </symbol>
      <symbol id="sm-744">
         <name>__floatunsidf</name>
         <value>0x8385</value>
         <object_component_ref idref="oc-1a3"/>
      </symbol>
      <symbol id="sm-74a">
         <name>__aeabi_lmul</name>
         <value>0x83a9</value>
         <object_component_ref idref="oc-285"/>
      </symbol>
      <symbol id="sm-74b">
         <name>__muldi3</name>
         <value>0x83a9</value>
         <object_component_ref idref="oc-285"/>
      </symbol>
      <symbol id="sm-752">
         <name>__aeabi_d2f</name>
         <value>0x6351</value>
         <object_component_ref idref="oc-98"/>
      </symbol>
      <symbol id="sm-753">
         <name>__truncdfsf2</name>
         <value>0x6351</value>
         <object_component_ref idref="oc-98"/>
      </symbol>
      <symbol id="sm-759">
         <name>__aeabi_dcmpeq</name>
         <value>0x685d</value>
         <object_component_ref idref="oc-267"/>
      </symbol>
      <symbol id="sm-75a">
         <name>__aeabi_dcmplt</name>
         <value>0x6871</value>
         <object_component_ref idref="oc-267"/>
      </symbol>
      <symbol id="sm-75b">
         <name>__aeabi_dcmple</name>
         <value>0x6885</value>
         <object_component_ref idref="oc-267"/>
      </symbol>
      <symbol id="sm-75c">
         <name>__aeabi_dcmpge</name>
         <value>0x6899</value>
         <object_component_ref idref="oc-267"/>
      </symbol>
      <symbol id="sm-75d">
         <name>__aeabi_dcmpgt</name>
         <value>0x68ad</value>
         <object_component_ref idref="oc-267"/>
      </symbol>
      <symbol id="sm-763">
         <name>__aeabi_fcmpeq</name>
         <value>0x68c1</value>
         <object_component_ref idref="oc-c4"/>
      </symbol>
      <symbol id="sm-764">
         <name>__aeabi_fcmplt</name>
         <value>0x68d5</value>
         <object_component_ref idref="oc-c4"/>
      </symbol>
      <symbol id="sm-765">
         <name>__aeabi_fcmple</name>
         <value>0x68e9</value>
         <object_component_ref idref="oc-c4"/>
      </symbol>
      <symbol id="sm-766">
         <name>__aeabi_fcmpge</name>
         <value>0x68fd</value>
         <object_component_ref idref="oc-c4"/>
      </symbol>
      <symbol id="sm-767">
         <name>__aeabi_fcmpgt</name>
         <value>0x6911</value>
         <object_component_ref idref="oc-c4"/>
      </symbol>
      <symbol id="sm-76d">
         <name>__aeabi_idiv</name>
         <value>0x6ee1</value>
         <object_component_ref idref="oc-31f"/>
      </symbol>
      <symbol id="sm-76e">
         <name>__aeabi_idivmod</name>
         <value>0x6ee1</value>
         <object_component_ref idref="oc-31f"/>
      </symbol>
      <symbol id="sm-774">
         <name>__aeabi_memcpy</name>
         <value>0x8f5d</value>
         <object_component_ref idref="oc-54"/>
      </symbol>
      <symbol id="sm-775">
         <name>__aeabi_memcpy4</name>
         <value>0x8f5d</value>
         <object_component_ref idref="oc-54"/>
      </symbol>
      <symbol id="sm-776">
         <name>__aeabi_memcpy8</name>
         <value>0x8f5d</value>
         <object_component_ref idref="oc-54"/>
      </symbol>
      <symbol id="sm-77f">
         <name>__aeabi_memset</name>
         <value>0x8e91</value>
         <object_component_ref idref="oc-275"/>
      </symbol>
      <symbol id="sm-780">
         <name>__aeabi_memset4</name>
         <value>0x8e91</value>
         <object_component_ref idref="oc-275"/>
      </symbol>
      <symbol id="sm-781">
         <name>__aeabi_memset8</name>
         <value>0x8e91</value>
         <object_component_ref idref="oc-275"/>
      </symbol>
      <symbol id="sm-782">
         <name>__aeabi_memclr</name>
         <value>0x8ed9</value>
         <object_component_ref idref="oc-d3"/>
      </symbol>
      <symbol id="sm-783">
         <name>__aeabi_memclr4</name>
         <value>0x8ed9</value>
         <object_component_ref idref="oc-d3"/>
      </symbol>
      <symbol id="sm-784">
         <name>__aeabi_memclr8</name>
         <value>0x8ed9</value>
         <object_component_ref idref="oc-d3"/>
      </symbol>
      <symbol id="sm-78a">
         <name>__aeabi_uidiv</name>
         <value>0x7719</value>
         <object_component_ref idref="oc-257"/>
      </symbol>
      <symbol id="sm-78b">
         <name>__aeabi_uidivmod</name>
         <value>0x7719</value>
         <object_component_ref idref="oc-257"/>
      </symbol>
      <symbol id="sm-791">
         <name>__aeabi_uldivmod</name>
         <value>0x8d89</value>
         <object_component_ref idref="oc-28a"/>
      </symbol>
      <symbol id="sm-79a">
         <name>__eqsf2</name>
         <value>0x7ca5</value>
         <object_component_ref idref="oc-138"/>
      </symbol>
      <symbol id="sm-79b">
         <name>__lesf2</name>
         <value>0x7ca5</value>
         <object_component_ref idref="oc-138"/>
      </symbol>
      <symbol id="sm-79c">
         <name>__ltsf2</name>
         <value>0x7ca5</value>
         <object_component_ref idref="oc-138"/>
      </symbol>
      <symbol id="sm-79d">
         <name>__nesf2</name>
         <value>0x7ca5</value>
         <object_component_ref idref="oc-138"/>
      </symbol>
      <symbol id="sm-79e">
         <name>__cmpsf2</name>
         <value>0x7ca5</value>
         <object_component_ref idref="oc-138"/>
      </symbol>
      <symbol id="sm-79f">
         <name>__gtsf2</name>
         <value>0x7c2d</value>
         <object_component_ref idref="oc-13d"/>
      </symbol>
      <symbol id="sm-7a0">
         <name>__gesf2</name>
         <value>0x7c2d</value>
         <object_component_ref idref="oc-13d"/>
      </symbol>
      <symbol id="sm-7a6">
         <name>__udivmoddi4</name>
         <value>0x598d</value>
         <object_component_ref idref="oc-364"/>
      </symbol>
      <symbol id="sm-7ac">
         <name>__aeabi_llsl</name>
         <value>0x8515</value>
         <object_component_ref idref="oc-3b6"/>
      </symbol>
      <symbol id="sm-7ad">
         <name>__ashldi3</name>
         <value>0x8515</value>
         <object_component_ref idref="oc-3b6"/>
      </symbol>
      <symbol id="sm-7bb">
         <name>__ledf2</name>
         <value>0x66c1</value>
         <object_component_ref idref="oc-34e"/>
      </symbol>
      <symbol id="sm-7bc">
         <name>__gedf2</name>
         <value>0x62dd</value>
         <object_component_ref idref="oc-354"/>
      </symbol>
      <symbol id="sm-7bd">
         <name>__cmpdf2</name>
         <value>0x66c1</value>
         <object_component_ref idref="oc-34e"/>
      </symbol>
      <symbol id="sm-7be">
         <name>__eqdf2</name>
         <value>0x66c1</value>
         <object_component_ref idref="oc-34e"/>
      </symbol>
      <symbol id="sm-7bf">
         <name>__ltdf2</name>
         <value>0x66c1</value>
         <object_component_ref idref="oc-34e"/>
      </symbol>
      <symbol id="sm-7c0">
         <name>__nedf2</name>
         <value>0x66c1</value>
         <object_component_ref idref="oc-34e"/>
      </symbol>
      <symbol id="sm-7c1">
         <name>__gtdf2</name>
         <value>0x62dd</value>
         <object_component_ref idref="oc-354"/>
      </symbol>
      <symbol id="sm-7cd">
         <name>__aeabi_idiv0</name>
         <value>0x2baf</value>
         <object_component_ref idref="oc-348"/>
      </symbol>
      <symbol id="sm-7ce">
         <name>__aeabi_ldiv0</name>
         <value>0x3873</value>
         <object_component_ref idref="oc-3b5"/>
      </symbol>
      <symbol id="sm-7d8">
         <name>TI_memcpy_small</name>
         <value>0x8dfb</value>
         <object_component_ref idref="oc-140"/>
      </symbol>
      <symbol id="sm-7e1">
         <name>TI_memset_small</name>
         <value>0x8ec9</value>
         <object_component_ref idref="oc-1b9"/>
      </symbol>
      <symbol id="sm-7e2">
         <name>__TI_static_base__</name>
         <value>0x0</value>
      </symbol>
      <symbol id="sm-7e6">
         <name>__mpu_init</name>
         <value>0x0</value>
      </symbol>
      <symbol id="sm-7e7">
         <name>_system_post_cinit</name>
         <value>0x0</value>
      </symbol>
   </symbol_table>
   <title>Link successful</title>
</link_info>
